<?xml version="1.0" encoding="utf-8" ?>
<result>
	<row>AIX</row>
	<row>Android</row>
	<row>AmigaOS</row>
	<row>Apple TV</row>
	<row>Arch Linux</row>
	<row>BackTrack</row>
	<row>Bada</row>
	<row>BeOS</row>
	<row>BlackBerry OS</row>
	<row>BlackBerry Tablet OS</row>
	<row>Brew</row>
	<row>CentOS</row>
	<row>Chrome OS</row>
	<row>CyanogenMod</row>
	<row>Debian</row>
	<row>DragonFly</row>
	<row>Fedora</row>
	<row>Firefox OS</row>
	<row>Fire OS</row>
	<row>FreeBSD</row>
	<row>Gentoo</row>
	<row>Google TV</row>
	<row>HP-UX</row>
	<row>Haiku OS</row>
	<row>IRIX</row>
	<row>Inferno</row>
	<row>KaiOS</row>
	<row>Knoppix</row>
	<row>Kubuntu</row>
	<row>GNU/Linux</row>
	<row>Lubuntu</row>
	<row>VectorLinux</row>
	<row>Mac</row>
	<row>Maemo</row>
	<row>Mandriva</row>
	<row>MeeGo</row>
	<row>MocorDroid</row>
	<row>Mint</row>
	<row>MildWild</row>
	<row>MorphOS</row>
	<row>NetBSD</row>
	<row>MTK / Nucleus</row>
	<row>Nintendo</row>
	<row>Nintendo Mobile</row>
	<row>OS/2</row>
	<row>OSF1</row>
	<row>OpenBSD</row>
	<row>Ordissimo</row>
	<row>PlayStation Portable</row>
	<row>PlayStation</row>
	<row>Red Hat</row>
	<row>RISC OS</row>
	<row>Remix OS</row>
	<row>RazoDroiD</row>
	<row>Sabayon</row>
	<row>SUSE</row>
	<row>Sailfish OS</row>
	<row>Slackware</row>
	<row>Solaris</row>
	<row>Syllable</row>
	<row>Symbian</row>
	<row>Symbian OS</row>
	<row>Symbian OS Series 40</row>
	<row>Symbian OS Series 60</row>
	<row>Symbian^3</row>
	<row>ThreadX</row>
	<row>Tizen</row>
	<row>TmaxOS</row>
	<row>Ubuntu</row>
	<row>WebTV</row>
	<row>Windows</row>
	<row>Windows CE</row>
	<row>Windows IoT</row>
	<row>Windows Mobile</row>
	<row>Windows Phone</row>
	<row>Windows RT</row>
	<row>Xbox</row>
	<row>Xubuntu</row>
	<row>YunOs</row>
	<row>iOS</row>
	<row>palmOS</row>
	<row>webOS</row>
	<row>Unknown</row>
</result>