<?xml version="1.0" encoding="utf-8" ?>
<result>
	<row>
		<category>Visitors</category>
		<subcategory>Devices</subcategory>
		<name>Device type</name>
		<module>DevicesDetection</module>
		<action>getType</action>
		<dimension>Device type</dimension>
		<metrics>
			<nb_visits>Visits</nb_visits>
			<nb_uniq_visitors>Unique visitors</nb_uniq_visitors>
			<nb_actions>Actions</nb_actions>
			<nb_users>Users</nb_users>
		</metrics>
		<metricsDocumentation>
			<nb_visits>If a visitor comes to your website for the first time or if he visits a page more than 30 minutes after his last page view, this will be recorded as a new visit.</nb_visits>
			<nb_uniq_visitors>The number of unduplicated visitors coming to your website. Every user is only counted once, even if he visits the website multiple times a day.</nb_uniq_visitors>
			<nb_actions>The number of actions performed by your visitors. Actions can be page views, internal site searches, downloads or outlinks.</nb_actions>
			<nb_users>The number of users logged in your website. It is the number of unique active users that have a User ID set (via the Tracking code function 'setUserId').</nb_users>
			<nb_actions_per_visit>The average number of actions (page views, site searches, downloads or outlinks) that were performed during the visits.</nb_actions_per_visit>
			<avg_time_on_site>The average duration of a visit.</avg_time_on_site>
			<bounce_rate>The percentage of visits that only had a single pageview. This means, that the visitor left the website directly from the entrance page.</bounce_rate>
			<conversion_rate>The percentage of visits that triggered a goal conversion.</conversion_rate>
		</metricsDocumentation>
		<processedMetrics>
			<nb_actions_per_visit>Actions per Visit</nb_actions_per_visit>
			<avg_time_on_site>Avg. Time on Website</avg_time_on_site>
			<bounce_rate>Bounce Rate</bounce_rate>
		</processedMetrics>
		<metricsGoal>
			<nb_conversions>Conversions</nb_conversions>
			<revenue>Revenue</revenue>
		</metricsGoal>
		<processedMetricsGoal>
			<revenue_per_visit>Revenue per Visit</revenue_per_visit>
		</processedMetricsGoal>
		<imageGraphUrl>index.php?module=API&amp;method=ImageGraph.get&amp;idSite=1&amp;apiModule=DevicesDetection&amp;apiAction=getType&amp;period=day&amp;date=2010-03-06</imageGraphUrl>
		<imageGraphEvolutionUrl>index.php?module=API&amp;method=ImageGraph.get&amp;idSite=1&amp;apiModule=DevicesDetection&amp;apiAction=getType&amp;period=day&amp;date=2010-02-05,2010-03-06</imageGraphEvolutionUrl>
		<uniqueId>DevicesDetection_getType</uniqueId>
	</row>
</result>