<?xml version="1.0" encoding="utf-8" ?>
<result>
	<row>
		<label>user2</label>
		<nb_visits>21</nb_visits>
		<nb_actions>29</nb_actions>
		<max_actions>3</max_actions>
		<sum_visit_length>7</sum_visit_length>
		<bounce_count>14</bounce_count>
		<nb_visits_converted>0</nb_visits_converted>
		<sum_daily_nb_uniq_visitors>20</sum_daily_nb_uniq_visitors>
		<sum_daily_nb_users>20</sum_daily_nb_users>
		
		<segment>userId==user2</segment>
	</row>
	<row>
		<label>user1</label>
		<nb_visits>11</nb_visits>
		<nb_actions>15</nb_actions>
		<max_actions>2</max_actions>
		<sum_visit_length>4</sum_visit_length>
		<bounce_count>7</bounce_count>
		<nb_visits_converted>0</nb_visits_converted>
		<sum_daily_nb_uniq_visitors>10</sum_daily_nb_uniq_visitors>
		<sum_daily_nb_users>10</sum_daily_nb_users>
		
		<segment>userId==user1</segment>
	</row>
</result>