<html>
<head>
    <meta charset="utf-8">
    <meta name="robots" content="noindex,nofollow">
</head>
<body style="font-family: dejavusans; color: rgb(13,13,13);line-height: 1.33;">

<a id="reportTop" rel="noreferrer" target="_blank" href="http://apache.piwik/tests/PHPUnit/proxy/"><img title="Go to Piwik" border="0" alt="Piwik" src='http://apache.piwik/tests/PHPUnit/proxy/plugins/Morpheus/images/logo-header.png'/></a>

<h1 style="font-weight:normal; color: rgb(13,13,13); font-size: 24pt;">
    Site 1
</h1>

<p>
    Mail Test report - Date range: 2010, January
</p>


<h2 id="Actions_getPageTitles" style="color: rgb(13,13,13); font-size: 24pt; font-weight:normal;">
    Page titles
</h2>

            <img alt=""
                                    src="data:image/png;base64,iVBORw0KGgoAAAANSUhEUgAAArwAAADICAIAAACF9KXqAAAACXBIWXMAAA7EAAAOxAGVKw4bAAAgAElEQVR4nO3deWwc130H8LcHd7krkrvkcg9ySa4o0lbkI1IsyUcs2Y7POE6c2nKiKE5tIIYNtKidukmaFCjaRf9pChRIHbv9w6ld5HCR1KldOw2cwEFawS4a1Efcok7t0JQik7IpHjJN7pKcPWb7x8ij0Rxv3tzHfj8QhN3hzHu/mZ3jt+/N24l0Oh0CAAAAoCfqdQAAAAAQDHHpm6mpKfH17Oys6hQAAADoTmeThqmpKWlaIKQLsinIGwAAALrW2e4JJAQAAABAEdefRc3Jkyelb0+dOlUqlSjzb2xsJBKJeNxkdf7R6XRqtVp/f7/Xgdig2Wy2Wq1UKuV1IDbY2tqKxWI9PT1eB2KDWq2WTqej0cDfb9RutzmOS6fTXgdiA47jCCHJZNLrQGxQr9d7e3tjsZjXgVjF8/zGxkZfX5/Xgdig0WjwPN/b2+t1IPrUT0y290Q0Go12u21jgV7pdDqNRsPrKOzRarVCsy6NRqPVankdhT04juN53usobNBut0OzgzWbzWaz6XUU9gjN2Zjn+TDtYEFZF/lXf+WtDKrK5TLlrVKz2cxms5lMxniE/sLzfL1eHx0d9ToQG6yurq6trYVjXXieT6VSuVzO60BsUK/XS6VSIpHwOhCr6vX64uJiOHawhYWFSCRSLBa9DsQGW1tbhUIhBC1AHMc1Go1w7GDLy8scxwViXeSjJzy8s+F/Z5a8qpod3+nMn6w3owEIVVetXqvXN9a4MKzL0vJaIsFlTrv3Bf2i8/Ku1QUA4BNnuycwOAIAAAAoNH+ngRAyOzuL32kAAAAAwdmkQTUn6MJE4dMfv/yZn/7S6yh0BCLIEMB2BgCQCvywLg99+uOXm/6rxXqFK5lWFZSqnYtKLF/6z9G6pJU6VPIzP/2la2sBAOB/SBrMo38Hlf3VrmuPxe++LnxvfuanvxT/uXPFdXSlkDcAAIiQNICDcMUFAAgTP/5Eo/QyI36JFCdqfYOXTldOFL6gq5ZMGJoBlN/vhUW0ChHqkgUvi4oepOq3Z/ZmBq311VoRrciV9Wp9EIxRyeLRikGrLq34//77P1atSLnWlNeqsRGNbQIA0IV8lzTIzs7ixY/lpM9+hdCan5jtR6AXorzqMAZpBaVG0X133Wo6eTIaqtHtb7ouEwuybCsAAPB794Tycit+gVZOV51I/2bMeHmQfWvXXYr+V6NBmqNb1J2Hrn/0u8+yF0gJm2URQ9tfqy7dD4IepLIBRhUyBgAAVU61NNz+4NPsMz/1zdvE16rt8/7vF6d3K4QGywdBaec39Dma/tCVC+r2uXTJxwcAYJEvuieq1Wq1WhXfSrv8hdd+OJUL15Wnn/vP++/9jGo8yrDDh7FVRnW60W4grXLEDECrlcLcxu+Gjw8AwCKnkoanvnlbtVqdnJwU3q6srKTTaa2nMB8/rjJRdrdgUAQ0bKf54S4BMQZKD4XW7aIAAEAcvaehWq3e/YFDhw4dOXLkbg3SZgattmXpFK3ubdWJujcfKAuhzHzbzVc8/O0nlX8ylCUYDZKxHKOlPfHPP7/vrlulC6rOJr3fQvWDMEGrTMa66M0MWnuLck7VwgEAQIsvuiekZCd91a+Gyq5o3YmMNbLcJccYtuoACvG1uZsfKbeFSqewh/3od59VrjtlXbQ+CMbIdct0qC6Li6DhAQBAEOl0Oi5Uc+LEiWw2m8lkKPME5tHY8/MT4+NeBWDjBUx4NHaxUHCicNPMxbC0vJRIJDMDA66F5NyjsWdmZiqVSiKRcKh819Tr9cXFRbGPMtAWFhYikUixWPQ6EBscO3asVCql02mvA7GK47i5ubnp6WmvA7HB8vIyx3HlctnrQPT5fcglyJhuC/EtW3pqnOPDkAAAvOK77gnQRenRDyKHfqbCFmHazgAA1vkoaXCuvddGPM8nO+/t9DpUWx5Zvrras7YWm5g4uy5ePQnder3zKS6VSuVyOVviEXXho+EBACjQPQEAAABMfNTS0Jo/6nUI+jp8J7Ey35pf8DoQO9Rq8fpGK6r2KxlBE1taiiSSrU2VGyHjY1e7Hw8AQCihpQEAAACYIGkAAAAAJkFKGnZe/UWfFOLb6rrWgTu+5nUIAADh56N7GpSkV9w3jz7uYSTm7Lz6i0LY4gutGeiLO2TvLQ9I37qzhR1aqRd/9Ff7b/3DIO4kAAAB4t+kQXZ18eFXdqcv+S5cAl/4p28Uimd+EdLpHEXgXBUvPfs37qwCAEDX8mn3hPLsj4uB0948+rgPMzMAAPAPP7Y06H6DF1+rNkXIltWarlqRcmblPNf/7p+L11dKpexZjjCzcr3obS3CIvR6KevOEpUsHq0wVOvSik03QukMlNeqsaluEwAAsIsfkwYK5SVHeYliea18S59Zyd7rk6HYCFtnjaHVYYxHKwxzdVlfytCCAABgkU+7J7Sw3E4obQaQTddahFKIO+iXPRPXRROrI13E0G2bqnXJajSxwZWFqELGAADgGqdaGtYf6pW+HRImaszc/6Uti9UZusB3yXdTlm1y8LNfF19r9dTYVRfjUrrdLmIm0Q0fIgCAr/iie6JarVarVSslGLp+dEnPN8sKSkdPSBntDVGtS9rkoDWDboSU6pA6AADY6PYHnyaEPP4XN2f7e7XmcSpp6P/SVrVanZycFN6urKyk0+lUKqU+93vnPP7AhYt6l+QN5vhhy4gxUHoo6L+BAQAAJrz19nv7LhzR+quDLQ3SxoMTJ05ks9lMJsO4LOU2e8aZ3zz6uGy6Vte76lutS9GHPnYP4yrQI6RUobu41qaQjSmw64ZB6QAH1TAoddGbGehLyWa2viIAAKBlY6spvLhkV4kymy+6J1TJrhz0e+KUMyunK680qnkDpQRCyBv/9piYN1AKV14R6RdCXbK6xJZ5yibS2iaG6tKqmvKavS7bl0I+AQBgzhf+5F8JIedNDEajEcpskU6n40I0LC0NQXk09vz8/PjEuO6cjl7AbCm8Vqtt1DdU72lwMwxbLC0tJRNJ1V+SDtyjsWdmZiqVSiKR8DoQq+r1+uLiothHGWgLCwuRSKRYLHodiA2OHTtWKpXS6bTXgVjFcdzc3Nz09LTXgdhgeXmZ47hyuexhDMINDdfsG3/gzn2U2QI25DJAXB606Q76KEpv4dkTAAAWjeT76DP4t3siBMJ3uyW9u8dDB+742kvP/o3XUQAABFu50E+fwUdJQyCakXmeb2zOxMd2Ms4/OzvrRBj2FLu62lpbi49NeFC13Y4ePdpJpeK5nNeBAAAEWLmg09KA7gkAAICuJg6dGA1QS8P6y+94HYI+vsO35lfX1wMQqq7NWq2xUV9f9NE+YFpjaYUkk+sDnNeBnNG/b9TrEAAAWAlDJy7YkeuJ6zQloKUBAAAASHF4m+48SBoAAACAlHJhSRr2HD4o/PM6kMDAtnIHtjMAhIbueEsSiKRhz+GDr/3wBeFfmM7Rzq2LsMUoVVCqdnoLi/mfm1mgcxWFbJ8EgG42pjd0ggQiaZASroXs/HxCN7oujMSMwRyHopJV4XIW6OhKIW8AgEDb5FrCi5C0NECI4YoLAOCtO7/+Y0LI7vMLyYT+YDq/D7cTrijC/8IFRmx4F6834vdI6eVH/Ks4UfZ1U1qC6l+lRYmvL/ncOb9Apaxa9Uut8tu/LHLVQqRLab3WrUjLnsMHX3zsuZvuv0O2LlqhSmdTnYdxU+hGJYtHKwbZ9OcfeUoZiXQe1dJ0N6/qeilXTXWbAAAESH6I6XEkfk8aKKdj2XTVt/RTOeNVWZqpvPqDo/PzJyfGx4nkKsJ4RaezpRBDDtxz888e/lGxUKRUqtwU9DKtrAVls6vGIKvr6Ld/YrQWQzkWZWcDAAi6Yo4paQhw9wT9rM1yTpfOQ2l1EDDmLqrt7bKJ9G/qWvPb3oz/4mPP0WeweNVniVm6iJXN/vwjT1197y3KSukXe2WEjJsaGQMAhExxSH+8JXGupeGVfY/Kpixrz7z35fus16jsrbDC0BXalsu5VqpBTy/8hmVTUNr5Xdjsqkvpbmp79y4AAL8pF/XvgiQ+6Z6oVqvVatV6OdJxhlZO7kbb5BlbNeg9JuG4Ghlt4JGystmXlpYSyaQ4nbKpTW9nu/YuAAD/aDTbwovSsKdJw96X76tWq5OTk8LblZWVdDqdSqXU5z5uZ9VaN/Qx8ttXeTGecA808MNmZ9nUFvcuAABf+dwfP0sIuWRXMZVkygccbGmQNh6cOHEim81mMhnnqrN4Hqf0nQsvhAvJqz84qjqd5S45ejODaiHKq5ehdaS0urPkH7LFtRYxsSl0aZVJqevqe2+R9SaoNjNoRUjf1MgSACDEhrMaX+kVfNE9YQvZSV95JVAdGiCbX7Uc2YWK/lq1ItPxmyuEfq+fibRD9ppxExmqy/pmZxw9YS5C+lJIKQAg0BjHWxJCIp1Ox9FQBCwtDS4/GtvciZ7v8NIhlz68VLBHVavV6ht1ccilvYU7RzUG4Z6GzMCAT0Ky8mjsmZmZSqWSSCQsx+Wxer2+uLgo9lEG2sLCQiQSKRYNHCy+dezYsVKplE6zXiR8i+O4ubm56elprwOxwfLyMsdx5XLZ/apvf/BpQsiX79p/5UfGWOYP8JBL99GHTfpE+G598Plm92FIAACGjOSZxluSMHVPuIDe2eEflJsngsjPmz1M2xkAuk2zxQsvGIdOEF8lDVZadE2YnZ01sdTMzMzMzMzOnTttj8deLGvXXl1trq31TxjY7OY2mnW69b4/z6dSqf5czp14RF5tEAAA6w5/9RlCyL4LS+neHsZF0D0BAADQvXKZXvaZfdTS8M7L616HoI/v8KvzrXfWAxCqrlpts77RiC+GYV1WlhrJJOEGwrAu7823Eiu1njhr4m/I6L5+J4oFgOAazhq4KxYtDQAAAN2rwDzekiBpAAAA6GajBda7IAmShrA6eHiP7jw333PgjvtvYpnTrnrtrQu0YDsDALtSjnW8JfFh0nDw8B7pP0crMjQ9ZA4e3vPcYy/+6OGfuVnjCz98jZjd8k5/Lq7teNIaHSr5hR++1iW7MQCYJvys0/4Li9vSBn5Kzkc3QoqES4tAvNI4wdHCbedQtO5sAevBuxCnazuesjonCg/W7g0AnhjKGPttUN+1NMg4+p0JX8hAC/YNAOgG7I+qEvixpYFCeh4Xv0XJTu7K6ZTvW/QvZKrVff4rt0qvKLImd8bahUpVy6eUplsmfS1kpd18zwHldENR0euVzsD4lZcSgKwQWaVPPfL8LfderQyMJX7GwFRDks5D+eiVW0CYR2tL/uKJl5QLUl4rYyBobAAABsWcsZaGICUNymuA8rQonkC1zrAWq1N9TdSuu7q1a5WvuqzuBcDQdhBKe+6xF+sb9Tvuv8l0VJR6TaNsdso8hoo1uj+4s+OJM8/Pz197535DaZbWWwAAOvYfkBb4vXtCehLUvXhoTac3NWv9ld4+QXnLWLv1yLWWslKaoXKcuETpFmiiUhPbwd4dT1ajasODdMovnnhJFqGyDUYVMgYAYMHzZx5wPTJsYOgEca6l4dF9ryimLWvNfN/Le6VvtZpbCdt3SqNzEu3v8aa/N/unO9yuSPyzRuYw5l7ia3d2PN0FVfdMWUKj2tMBAEBxx5f/hRCy7wJjQyeIT7onqtVqtVoV31LuMGBvlDZ6DlVtcDbd8O6fM7hdkfhnjcxhid/RHU/cwbRaKcSJ8/PzxVKR/Wekxf4jSu0AAEpDGWN3QRLnkob7Xt5brVYnJyeFtysrK+l0OpXSiO+4foEud9aibxgEftgTZDejqM6jvPUEAIAuN2g4aXDwnoZqtXr3Bw4dOnTkyJG7NUibGRhpdRULL5TnVpZ2AsoZ2URnh7nFdTu/GZeyHgmlfKK3/Y2WRoxc7RgrlfU12LIdiLUdj97MoLWgcn577zwFgK5VGDQ2dIL4pHuCheysqnqLmdZrwtxsq3XnGuMNiZRozS2rdfue6oXExu1Aj0paDqUu2bL0WxGtbCLh9U++fZTykZneDu7seKYXpCyFVgcAoBvNGxs6QQiJdDodJ0KROXHiRDabzWQylHlseTS20ydKvsOfnJ8fH59wrgrX1Gq1+ka9WCi6UJejn8vBw3ueeuT5ZDIxMEDbwRxl4woavafBUEhuPhq7Xq8vLi6KfZSBtrCwEIlEikU3DhanHTt2rFQqpdOGv2L6Dcdxc3Nz09PTXgdig+XlZY7jyuWyO9W12/xnvvIMIeT7f/nJdK+xU43fh1zqMtGYD+4z2lTjfz7f8XwYEgD4hJAxXLKraDRjIAHqntBCb7QH/6D06AeRn3e8MG1nAHDI0ECviaV8lDSYbjidnZ21NxIKnufrA/HRne618TpndbW9ttYcnXBvXRz6pGZnZ+fn51OpVC7n6ufi0OrUM/GRSl8iYWzwtJSbRwQABNSw8aETRJk0TE1NEclJR3grwJkIAAAgHApDxn4LUnBO0jA1NTU7OysmCsJb2V+thAgAAAB+MJo3kzSccyMkcgIAAIAQa7Z44UW5OGBicZP3NLz//vvSt7VabWCAVn2z2dzc3IxGAz9Yg+f5dru9vm7D6FDPbWxsNBqNcKxLo9GIRCLhWJdWq1Wv1zmO8zoQqzY3N5vNZjg+FI7jQrODNZvNer3ebre9DsSqRqPRarXC8aFsbm66ti53/9nPCSEX7BhsNTbXW1tGFzeZNLzzzjvSt8ePH5fe/aC0tbXFcZws1QginucbjYZs9QOq1Wq1Wq1wrAvHcRsbG7VazetAbMBx3MLCQggy7JDtYJFIZHNz0+tAbLC1tbW0tBSLxbwOxCqe5zmOC8cO1mw2hYuLazUm4+2FhXdNLGgyadi1axflrRLLjzsFAs/zMzMzO3fu9DoQG6yurq6trU1MhOGHqj4YPZHzOhAbzMzMVCoVK6MnfAI/7uRP+HEnH3L3x51+TQiZ3j5i7kIW+G8zAAAAYEgpZ/gHpAVIGgAAALrLiKmhE0Q55FL6Qjr8kmBsBQAAQJCJQyfGiiZ/Cu+cpEGZFiBRAAAACIfDX32GEHJ+ZcjEUycE6J4AAADoIsODqWg0Ym5ZJA0AAABdpJQzeUMDQdIAAADQVUrDSBoAAACAQTlvcrwlQdIAAADQDcShE6Nmh04QJA0AAADdQBg6MVbq70+b/8FZJA0AAADdopRLmx46QZA0AAAAdI+RYfM3NBAkDQAAAN1jNG/+hgaCpAEAAKB7lItoaQAAAABt4tCJ8eKA1jzrD/WuP9Tb4VuUcpA0AAAAhJwwdCLTl+jfpj50otPaEl7wK69TykHSAAAA0BXGiv1aQydqf5slhERHD8TyuyklIGkAAADoCuMlzb4JQXz8GvoMSBoAAAC6wpjGb0GK9zHEd9xCLwFJAwAAQFeY0GhpqD3cRwiJTVwfK3yEXgKSBgAAgDC7/cGnhRdjJdqPNMRGr9QtCkkDAABA+OUH09n+XsoMscoNuoUgaQAAAAi/ckH9Z53WH+olhER3fDKW/7BuIUgaAAAAwm9UI2kQxAuXRGL6T79E0gAAABB+Wi0NgtjEdSyFIGkAAAAIv7GCyl2QZ/omKjfSf9NJhKQBAAAgtMShE2WNH2kghMSK+yJx2j2SIiQNAAAAITdW7BvKpGQTz/6m03b9cRMCJA0AAAAhNzKsckOD8JtOkfyeWGEvYzlIGgAAAEKumNum9adY+SqWcRMCJA0AAAAhN5qXtzR02g3hRc/UrezlIGkAAAAIOeWPNNQeGSCERDI74mMH2MtB0gAAABBOZ586oTF0Ir7jU4YKRNIAAAAQZpPljGzoxNlxE0b6JgiSBgAAgHAr5tKyKcK4iWh+T7ys/2RLKSQNAAAAYZYfVB86ERu/1mhRSBoAAADCrDSsnjTEd9xitCgkDQAAAGEmG2955nkT5atiI5cZLQpJAwAAQAjRnzoRG7k8Eo0bLRNJAwAAQGidXxkczsqfOkEIiVdYnzchhaQBAAAgtPKD5wyd+OBZ2DfHiqzPm5BC0gAAABBaw4MqzQyx/MWRHvk4TBZIGgAAAEKrOKQydCI+cZ250pA0AAAAhFZJ8lDsM30TEzeY65sgSBoAAADC5+zQCcWjqmL5iyMJ+URGSBoAAADC6cKpXO6DoROdDi+8iJkaNyFA0gAAABBOQ5lUNBoRXte+lSaERPJ74iXDv+kkQtIAAAAQTrmMfOhEfORyc+MmBEgaAAAAwik/9EHfxAfPwo5NfsJKgUgaAAAAwmnkg6ETwrOwSXIwXrneSoFIGgAAAEJFHDohe1RVz3m3RyKWrvtIGgAAAEJo9868MHRC+HkGQkh8+ncslomkAQAAIIQGtiVjsbNX+Uh22txDqqSQNAAAAISQbOhEfMLS3QwCJA0AAAAhlB88p28iNnmz9TKRNAAAAIRQSXIXZLR8MF4+aL1MJA0AAADhIQ6dGJE8qiqW323lN51ESBoAAADCZvf5+Vw2dXbchB03NBAkDQAAAOEz0JfsiZ+5xEcrN8VGL7elWCQNAAAAYTOU6RVfx4Z2RpJZW4pF0gAAABA2haFtZ8dNjF1jV7FIGgAAAMKmMHTmtsfo+HXx8kftKhZJAwAAQEicfepE4czQiVhul119EwRJAwAAQMh8+Px83xPDwuvY+LU2loykAQAAIFT60gnhRSS/J14+YGPJSBoAAABCZTh75qkT8cIlkeQA41Kv7Ht0481l+jxIGgAAAELl0G/3Cy9i229kmb+90Xxl36OEkP+786lOi6fMGbceHAAAAPhOPB2f/ITuXEK6IBj61PkkGqEVaUNYAAAA4DVx6IQgtuOWSCxBX0TMGPqvHCt9YffA/jJ9fiQNAAAA4fGd7UeEFz3nHaLM1t5svnbwH4TXgzfuKP/+pckx/bsfkDQAAACETn+F0jch7ZIY+6Mrip+/mLFUJA0AAABhEx+7SqtvQtolUTx80cDl4waKtSE0AAAA8AGxb0K1mUHaJZG9brL8B5f2jmcMlY+kAQAAIFSiIx+NT3xMNlHaJVF+4LLSXbtNlIykAQAAIPCkQyeiQ/LnTZztkvjoWOGzF2U+ek6XRH2pceLo6ovfmMudnzr0jxdQakHSAAAAEAZn+yYq14kTpQ0MmasrYw9c1ls5k0+0OP7kf6397MFZQsjY5QP5i9PLb2zQq0DSAAAAEB7RiRtiY1cJr8WMITHSN3zbrpEvfkR4+96xzSc/+2tCSHH3ttIl21Z+s5EYiF30ucLEAZ1bHJA0AAAAhEcsMxlNDRNpl8QVY/nbd2Wv3r55uvm9G/9HmDi6v497vx1PRsevHLjpr6eTA0z5AJIGAACAwBP7JmLj10i7JPqvHBv9vctWV3uevPRVQsjYFf08T2IxMvyhbds/lh2aTsV6DDyFSj9pmJqaEl/Pzs6yFw0AAABuWh+88jdHzjypMjExkLxs+t+fjJD/+C0hZOKqAb7V2ZZPVK7KjFzSn+w302qgs8zU1JQ0UZC9BQAAAM/d/uDT39lOCCHvfuswIaRFYv9N9pC3CXmbjB8YaDc6kSgZu3SgclW2fzRppSJ0TwAAAATbd7Yf+c33vtUh5FWyV5xY3LNtbZ7LjPdO3ThYvLjPlooinU6H8me7Whoe3feKiaUAAADAkNwIv9FIDE2lPnTb8NQNQ/YWbrKl4aWXXpK+feONNy64gPZzEAAAAOCoHrLeW072XtozelmrJ7O+Gl1/5ZXj9lZhMmnYv38/5a3S8cyTsWQ70cebq44QsnU6Vlst5SrvmC6BEPLeXCGZXO8b3TRdQmOrffrk5PDo21bCWD+Vi8YaAxNrVgpZemsiO3wyljK/SWun+tqt3sHtS1bCWD5e7suc6h1qmS5hc7mnvpYftvbJrswVe3vf31baMl1Ce7Oz/G4lPzZnJYy1d3OxeKN/3NInu/jWRDY/H7fQ7Vg7NcB34tmJZSthLB8f688uJLPmP9mNpcRmfWiosmAljNNvl9Lp1VTB/CfLrZHV5fFhi5/sO/mexGb/WM1KIafeqgwW5jQeIcRkfSFDSCQzcdpKGEvHxwYG301mzJ86Nk4lNzezue2WPtmV346k+95LDXOmS+BWyfvvjeXHLX2yqycLiWS9r1y3Usiptyq50tuRaMR0CWunBiORdmZi1UoYK3PFHdf3XP6nl8WTBkZDGOXSPQ0X/92HC4XC4OCgO9U5p91uv/baa3v3HvE6EBusrKycPn36vPNu8DoQGxw/fryvry+fz3sdiA1+9atfXXDBbcmkpZuV/GB9fX1+fn7Xrmu9DsQGc3Nz0Wi0XC57HYgNXn/99e3b927bts3rQKziOO6NN97YvfvzXgciuNLKwqdOndra2qpUKnZF4xwH8xEAAAAIE52WhtnZWfxOAwAAABCW7gkkCgAAAEB0h1wCAAAACHBPAwAAADBB0hBO0jtRAIACBwsAO9Yhl9afOqF6Q6VyomyK8ng2F4ZQji2/bqkbs+psdq0IUZzjbCmHfUW0ZjMdgOxDMV2m6eBtv9XXq4NFa0FztXt4sGjNZjEAK0X5ZEVCdrAE/Ugh4TpYWHUY7NixQ/zfHNmyqgXu2LFDdTb6FPYAdAtnLIelWOdWhHFZ3XlMr4gtm5FSml2fi+pER1eHUrWJEugFOrounh8s9u5j1ufxyYqE7GAJwZFiY2l+2McYmemekCXv4tupc0nn8cMXONWv++TcsMm5a2dj84CsRtvzQdUtr/pZCHwyKEb6oSgfdCIN3oXPxQleHSwW+edgcQIOFocjNSOgRwoJ+8GiZNsvQip3YrtKdlRAw5ZRXQvpRCfSFKcFOni6gO51AQ1bBgdLgAR3lwtu5Lr0WxrEldfKp4wyt1vbcjCwrII4j26NHq6IVuotxV6LoZCE7SNy7Qzl0Odi7+p4e7DYuy4eHiy2fyheHSxecfokZp1PLit28cOVxTUuPXtCMGXhzh27CJ+cLXffeLuPyqaYO/BMrIgyg7br4iQrx8Qa+WF17OKHdfHqYLF3RTw8WOy6IohGUl0AAAFASURBVCoL9ORgsX11bOGTFfHqYHH/Q2FKGjzPBP1zKid+XRETJxFfbVUZaWyMu59PVsfzg8VX/Lkibh4sLrRRu3mw2Lg63h4pPuw7CMq66CQNytWQxaQaonKir84duqkZJWf01YpoCVzGwBiJzz8XHCwyvloRLa4dLHZtDZ8cLPZ+d/LwSLFxL/X8YHHniDPTPSHdNNLmMuVEKdmU2dlZ2WyzGkNOHd0QqjHQKVdEWYLWqjnXzCCrTtaDq7Wb0gvRmmh0i5lgos3Nyg4mm2Ij9w8W2RQbuXywGKqInVcHi2snMRbWd7DQHCmunZN1F/HzPibl1LMnAvElAwInlPtVKFcKPBe+/Sp8axREdt4I6cIXUOhmYTpl4GABR4XmYMGR4jd4yiUAAAAwwQOrAAAAgAmSBgAAAGCCpAEAAACY/D/bMEiWaSJf2QAAAABJRU5ErkJggg=="
                                height="200"
                width="700"/>
    
    
        <br/>
    <a style="text-decoration:none; color: rgb(13,13,13); font-size: 9pt;" href="#reportTop">
        Back to top
    </a>
</body>
</html>