<?xml version="1.0" encoding="utf-8" ?>
<result>
	<nb_visits>22</nb_visits>
	<nb_actions>54</nb_actions>
	<nb_visits_converted>22</nb_visits_converted>
	<bounce_count>13</bounce_count>
	<sum_visit_length>14589</sum_visit_length>
	<max_actions>5</max_actions>
	<bounce_rate>59%</bounce_rate>
	<nb_actions_per_visit>2.5</nb_actions_per_visit>
	<avg_time_on_site>663</avg_time_on_site>
</result>