<?xml version="1.0" encoding="utf-8" ?>
<results>
	<result idSite="1">
		<nb_visits>28</nb_visits>
		<nb_actions>40</nb_actions>
		<nb_visits_converted>26</nb_visits_converted>
		<bounce_count>25</bounce_count>
		<sum_visit_length>359</sum_visit_length>
		<max_actions>10</max_actions>
		<bounce_rate>89%</bounce_rate>
		<nb_actions_per_visit>1.4</nb_actions_per_visit>
		<avg_time_on_site>13</avg_time_on_site>
	</result>
	<result idSite="2" />
	<result idSite="3" />
</results>