<?xml version="1.0" encoding="utf-8" ?>
<result>
	<nb_conversions>35</nb_conversions>
	<nb_visits_converted>35</nb_visits_converted>
	<revenue>175</revenue>
	<conversion_rate>89.74%</conversion_rate>
</result>