<html>
<head>
    <meta charset="utf-8">
    <meta name="robots" content="noindex,nofollow">
</head>
<body style="font-family: dejavusans; color: rgb(13,13,13);line-height: 1.33;">

<a id="reportTop" rel="noreferrer" target="_blank" href="http://example.com/piwik/tests/PHPUnit/proxy/"><img title="Go to Piwik" border="0" alt="Piwik" src='http://example.com/piwik/tests/PHPUnit/proxy/plugins/Morpheus/images/logo-header.png'/></a>

<h1 style="font-weight:normal; color: rgb(13,13,13); font-size: 24pt;">
    Piwik test
</h1>

<p>
    Mail Test report - Date range: week April 4 â€“ 10, 2011
</p>


<h2 id="Actions_getPageTitles" style="color: rgb(13,13,13); font-size: 24pt; font-weight:normal;">
    Page titles
</h2>

            <img alt=""
                                    src="data:image/png;base64,iVBORw0KGgoAAAANSUhEUgAAArwAAADICAIAAACF9KXqAAAACXBIWXMAAA7EAAAOxAGVKw4bAAAgAElEQVR4nO3de4wcxZ3A8fJ67F28rMGw9nh3beP1hphncMC8Y2xeh3HgDEQbby6PFSQiISdd4BIuOREdHV3ulXuQU3TJKYrCcTop8R8Xgi4PFGIJYnF5GYmcjogc7DpA1vbCxhPHHu/s7M7u/dH2uN3VVV39mn7M9yOEesf1+HV1TXdNVffMooWFBQEAAOCnI+0AAABAPngPGoaGhlocBwAAyDiPQQMjBgAAIHMPGoaGhsbGxlIJBQAAZFnJ+YfniGFiYsL55+Tk5OrVqzUl1mq1jo6OpUuXxhUiCqbRaNRqte7u7rQDQXZVq9Wurq7FixenHQgyql6vz8/Pd3V1pR1I2zk10xDXHEO9Xp+bm4teDoqq0WjU6/W0o0Cm1ev1RqORdhTIrrm5OU4jqVjUfORSvpUh3BhiYmKis7Ozt7c3amgoqGq1Ojk5uWHDhrQDQXaNj4+Xy2Wmo6AyNTU1MzMzMDCQdiBt59TyhHOIkPSdDf/7ylvJFY6Mm67VKpVjxxv0gTRdcv7KtEMAkD98TwMAADDCoAEAABjxHjTw1GVQO7dfk0qBO7dfY/8Xb+0tkMeY84h2BhCjDM00eJ7d7Bc58Xnauf2ap57+if2fPlnLQjL0wL132zGrYtPHnPQeNYdiLRuQJVfLU0//JIMdAEBOZWjQoKG/KOZXvGdzVWmtbz39fo3cte0rjz8ZpfwW7FFzNNaai26ie8S4AUBcMjRokE9t9ifptOIBbFx0AcBW8k+SAa7RQ/MM3nzRmUC17SpNVYj9ur461+uqOOVgnOW4Vl4MlxhcpTWj1ZQmN4gzck29qtKceeVG0+/Xzu3XfPPbz1YqFc3O+oaq6g+uqOTSNPtlThWSKwZVXZ6xycGE6OSaw+rZJgAQVD4GDU6+Y4IohfhebAyvWyY1mp/HPet1ZQ9XmvynvlLPvXa9GOP1ySTU6AciekiqGELXFSKj4WEFgCgytDwhTp8HNrlCqFY0fK8cqkI0IwZx+gf6QGdkuZwoeSNOlYe4AjmHJuEKDMe35OgHwqQxXYMzwxhUdbkq1Y9TPYM06eSMGAAkIYaZhnseCnBT27ceuztidZ7nSt8Z6VzL1IJ6poIJwTB+zVS/eQuEbqsQndxzZQ0A4tXq5QnLsizLilJCG54Ts7PLQdcCMsiwMVXJArWAqhDnvSAxTt4472zITp8BUCQxDBq+9djdlmUNDg7af1YqlVKp1NPT45l4/36f0qJ8YJI/dSFGhZm5CS0LLeDbyT3vPgGAWMRzT4NlWaMnDQ8Pj4yMjCpEn2aQ13eb/yQnNilTc3pVLT/Lr6tKVpVjEphn3qDZwzEJOJYwPK985he8iAdCk8WE6h4Fk7r00wwhOjmjZAAtkL+nJ1yn1NBPTxiWoLpN0vW65/XDM42zHM09mKoYNCkNSzMkl6bZO/NI7H9yfrmTXE6g4KMciCh1qaqLpa4QGfVZmHgAEItFCwsL8ZY4MTHR2dnZ29urSZPuT2NzAk2XPWjo7+tLqPDUD24WYnCRQ8r4T2OPj4+Xy+Xu7u60A0FGTU1NzczMDAwMpB1I28nWI5doB9/89rMP3Bv1IZpM0T9CmboMhgQgp/K3PIEC+MrjTxbpShbvwlC8itTOAFKXzqAh3alRfvg7XdVqdXJyNqGjkNbBzWynymxgAPKI5QkAAGAknZmGud88l0q9yIKF6dqSSmVu6RtpB1JApTVb0w4BQJEx0wAAAIwwaAAAAEbaYtCwcet9aYfgI/sRGirMjmQZjQwgLVl85NI+J/7qua+nHYg31yk7s3G23sat9/3qua/b/1f9qz5vorE5/2zNUUtopzSNDACJyuKgIRaJnlWdJad4+s7UlSNiMC3YkdYftUR7YKaOPoA2kbnlCftUaJ8T047FSI5CRRNHDQBCyMdMQ3Peu/mK61Oj60X7FddVQZVdLsFZnfmHOVUuOTw5HmcJqlfkIPWFO1tMU7Vcvur1WBYXNm697xdPf3nb+x5xVeQqQQ5G3ziGcWqicsWjCsOzLlVsvhG6jq9q2zM2JhsAtF4+Bg3C6wohn6+b267z6cat96myq7bDnY59r/qe28Lg1jY5r+81w7xqzeVNkzG0y7Z//Nlv/FVff5+q2KCNEzFOk64lIrdJ9FyBMgJAEjK3PKFicm+dZs5ZdapVlRB0gsGzFlXhEa9qhnlVLSNnN7x1Ma4p/V88/WXNv4a4LoaIU3PU9GF41uWq0XcYJEcoF+KJEQOAdMUw03D0n7ucfy63X1Qk7vlETVOU61Tems9VIS6EmpWOXDDf5bws/BvORjS3fZeKItZlmMt32SXEKBYAktPq5QnLsizL0iRo/VXK85N30Cw5EmjyPy97ahKn4WxTuKPvnHJQJfCNUFMdQwcAWRDDoKHnEzXLsgYHB+0/K5VKqVTq6enxTl3Zry8t6GI2AmFR3CULDeK6F8czTZRbbQAgLvHc02BZ1uhJw8PDIyMjowqaaQb5hOi7yuu7luzLc3U5UAnmhauuDaoanXchmKTX0KzQa8oP1zieR8380ARtnNBx6osN0Sb6aQZNLjmxnAwAsiA3T0+oqG7xM79rz5Uyrtv9zMNzrlurIvEsx/f2RmdRchZV1aptz1qcyVS1aDJqStNEaPJniLpUVWu2zeuKPRezDgBab9HCwkK8JU5MTHR2dvb29mrS8NPYSYt4RYn+CINGbbpWqVSaj1wmEUwSMhJGk2c8hflp7PHx8XK53N3dnXYgyKipqamZmZmBgYG0A2k7uXnkEomKuMojivgdi9HbJDlZiwdAm8j98gRioV/pCFRIYS5msbRJEorUyADyJZ3lCbSzarU6OTm5YcOGtANBdrE8AT2WJ9LC8gQAADCSzvLE0X0HUqkXWTBdq81WDh893OWfFO1q9uDh6gEx30UnOU3P5v60Q0CR3fPQk0KIf/vLHcvP7FSlYaYBAIB2d7RatzfO6FqiScagAQCAdrd/4nf2xpKSbmDQFoOGTbu2pB2Cj+xHmIQW7HXEKtrzuGjQIC1AIyMV1leeF0Lcfv2gPlkWBw2bdm3J8tvGDq/5X9rhZF1mmyizgcUo3n3ctGvLi7v3qsrU15V0a6fyrkyoIk0jA0kbKC/XJ8jioCEWib7rXty9t/lfim/vXJxZXty91/lnujE7a3cF1notaIoY99EeMWQhEk0VLX5XJrdTjBuQlnV9ih+bPClzgwb73JSj90yOQgXaBO9KIJBGY97eOG+1z0xDPr4RUp4XdY7xm683X7RfcZ01NJ8yXSU4qzP/MKHKJYcnx+MsQfWKHKS+cGeLaaqWy1e9rmoKV5CubXkXrh291TcYzyo8W0CcvEJoms5ZkWrfNc0lh6rpFZ5p5Eo9D59hV9EcGlcnVDWCZyGa/TKfZlC9VV0lyHskV3Ht6K0m7yPDqFzxqMLwrEvVu1Q7pXk7eG57xubZJkBCJg9X7Y3uZUv1KfMxaBBeJx35/dzclq9Vquyq7XBvV9+rvue2MJiplvP6nlPMq9ac/jQZQ7Ar+vETz1Qqh/v7+vXHRb87Qj3c0deuyuW7pyZNYdKXVIcvaFcxTK8Pz7z9zfmWGbTze0YePZ54+3z0XIEyAvF64+Dv7Y2OjkX6lJlbnlDxPUcL7Zyk4UeoF8NOMHjWoio84lnPMK+qZfSXQ329+vO7/CkzUJCBUsZ+btXvqUlTqA6TSahBu4omnqBd3SmWVtUXEuK6GLQfCu27Uh+GZ12uGn2HQar+4xs2Iwak5e8e/5kQ4u6bzvdNGcNMwwubvyq/+Joi8RX77tcU5Xqrt2bcHegiJ2fJ4/vcfJdNUnoeqeJ9ZgrRTwLljVJ+6DBCjJJTEbQB5d4Yb12GuXzfGnlpf7SJ9f1n+aZp9fKEZVmWZWkStODU6eL5yTtolhwJNDmc6z2NV+imMGzwFjS1ZxXNufrWxBCOSWCGUyzh3t3OKQdNM4aQi/ZHm1jrdxekiGXQcMW++y3LGhw88Y0QlUqlVCr19Cge29jvU1rQxU4EktwEQLPkoCsUxZaXGRfPZf4CyMIembw1itr+yIX6bMPeWNfnP2iI554Gy7JGTxoeHh4ZGRlV0EwzyG8Y38uP71qjL8/Vx0AlmBeuOneoanSuUpuk19Cs4GrKN28cufB0z30RD6JJV9RM9Wti0DSgZ/mGh8ak53tWEaKhTO7nMM+uCmDHg7s0NYY+vr7vKU1d+mkGTS45sZwMSNFrB4/YG753QYocPT2horoFzPzzritlvB+UTcJzrmuqIvEsR3/7m+cSr6oKTV3x3sCR0DyE4UHU1O67myZNIR8R82OqKt/k0IS7YDsnxvXluK6XcjMG6hgmnf97X9ytGTeYV2fe/hH7fOy5mHVAy3z6seeEELdcfZ5J4kULCwvxVj8xMdHZ2dnb26tJw09jJy3iGSfRE9Z0rWY/cplQ+SHk6ASdVqgtWNhyOnDwwIoV55zRwp/Gzlof8IyHn8ZumpqampmZGRgYSDuQIrB/EftDf3jJXTf6Pz2Rm0cukaiIqzxITkYOTfFuVclIw3rKWjxoB77fBWnL/fIEYhFirhutkZ1Do1nUz6PsNKxLkRoZ2df8Aum1BndBirQGDUyyJW1sbKwFWcLpqFaPTYqeDRnqAy3b93CyE14SkXiWuWS81l0ud3d3x16db9Wpy2ZUKKojx2bsjd6zzzBJz/IEAABt6o1Dvw+UPp2ZhgP7jqZSL7KgVps+XJntOkwfgNLhg7PiQLWraz7tQIQQon+zz48FA/n1uX/9byHE3Tf73wJpY6YBAIC21t97pmFKBg0AALS1NWaPTog2GTRs2bUp7RB8ZD/CJLTnXgdFK7UG7Yw2NFOfszfWrMrzTMOWXZuy/Aa2w2v+l3Y4WUcTRbFl16a9u18U6mbUN2/SjZ/KeyGhivbufpG+inYz+dvj9kb3sqWGWbI4aIhFou//vbtfbP6X4okmF+c4+5rXlPGYMxVec8QQWsTshlW0+L2Q3E4xbkC7efALe4JmydygwT5R5ujdm6NQgUTxXgDy6IN3XmyeOB/fCGmPJJznI+enjebrzRftV1znL1V2uQRndeYfa1S55PDkeJwlqF6Rg9QX7mwxTdVy+arXVU3hCtK1Le/CraPX+gaj2Rdh1rxyIZq8wnHBU3UnTV59Yrlj6A+06hX93nk2kasQOWbfeg2bVxWVKx5VGJ513Tp6rapX+779TbY9Y/NsE6DYzB+dEHkZNAivc5l8Wmxuy9cqVXbVdrgTh+9V33NbGMyKy3l9z27mVWtOxJqMIdgVPfPEjw9XKv19/frjotoX4Xf09dlVh9izHczzahLrY4uLb0sG7XIi2i6YHDKhbrrdX/xe0FrMIzTsdUCbMPwCaVvmlidUTK4lmtlRk8uJs4SgH/I8a1EVHvH8a5hX1TJydsNLtaZ5nelNrkaeQQZNZhieqvVMqvasIkRzudK7Qo3louU70RK0iqBHX2jfC/ow5Lp2PbjjmSd+rG8l3wgNOyQjBrSno9W6vVE+Z5l5rhhmGr66+QWvl1/zTHz/vis0RblOOq35BBDoIidnyeMZx3yXTVKazHJnk+Gn7RZEkk1B20fuA/HWZZjLt0OG+GwAFM9vJk98Le/ixQGmD1q9PGFZlmVZmgStP0d7fvIOmiVHAk1T53pP9QzbIUT3MNG8sGV5dGUSmOEcXtD31IGDB4RBK4VuuuZaSZRCgFx75Es/EkLsvNH0C6RtMQwa7t93hWVZg4OD9p+VSqVUKvX0KL6tfb9PaUGXXRFIcpeoZslBVyhSkeVLdQFkoXlNOqTnbRZAW1ndG+y3ZOO5p8GyrNGThoeHR0ZGRhU00wzyW9f38hN9bdhzHTRQCeaFq85iqhqdK+Im6TU0a8ma8s0bRy68BWdhw6Nv0nqa/fJdJtccJn0jBJpm8HwvhM7u2+U8awz91vDtyXJdux7c4fwnkyPrKlBOLCcDMLAywKMTIkdPT6iobjcz/7zrShnvB2WT8JwrrKpIPMvxvb3RWZScRVW1atuzlqBa07y+yQzbwTOlnEx/mKLsmr5LB6oiaJfz/DNEXaqqNdtCCMOnJ8JFqMnFrAPaxOzciZ+QXbM62I+4LlpYWIg3lImJic7Ozt7eXk0afho7aRHPfYmeOmu1afuRy4TKb73QzaXPmOhRyMjVURXGgYMHzlmxoqvrjCzEw09jZ9DU1NTMzMzAwEDageTVwbeO/fFfPyOE+NZjdwfKmJtHLpGoiKs87SaW5jJcvwhRcpZluadlLR4gOfaIIYTcL08gFjHOq7eDljVXoPseciGzPa1g7QyY+KMdFwXNks6ggem+pI2NjbUgSzjVaoeYPNa/Id99IHpzGZaQ0HFp2eEOV3VtfEm53N3dHey+7ihSbBAgLX1BvkDadtqgYWhoqLnNWwgAgAIbKEcYNAwNDTkHCq4/4/XrQ/sSKhnZNz1dq/yu0nHocNqBxGn96s1phwAARo7XZu2N8rmBJ/NO3QjJ1AIAAIV38K1j9sYZnYFvUfDPcOTIEeefx44dW75c94tY9Xp9YWHh6FHdQ5XHjx83jA/FU6/XG41GwfqAvsMjqLm5uePHj8/Pz6cdCDKqVqvNzs7yvgvn4X96Vgix/bp1IRrQe9DgXJs4cOCA85/279/vvPVBNjMz09HRUa1WNWmmjvw2YJyJuPd9n3r8G/+gf0X/euwBZKGopDUajUajMTWViT4QlKqdF88ekF9EaPYloVTi8S54m52dnZ+fr9fraQeSY0sWzbiu7ybc70l7QOBcqrjwwgudCVx/yky+3KnzkMfo5ubrd+15fre+8NitW7fWVe+6dWtVKUPXotk132JNmqWZRpVYU0jSzX7z9bucf+55fvf0dK1SqfT39yVaaUI7tef53Z6Fr1+9MYnq2tb4+Hi5XG7l0xPIF77cKZpfCiHeecnQxo3loDlP+3Ine4IhrZsbWj9iSLRe58XSWYXrIhpLRVF2oQXNvuf53c3/Yt99VY2JFt6avQCA5Kwp6+40UDk1aEj0cQnAtuf53XfcMpp2FADQpg4fmbY3VizvDJFd+T0NouXPUzg/Mdvbvh/WnXPy9ovOEuSMwuuDvvxJXZU3aAI5fvn1oCX7Bq9P6RmSvok8J+RdBytQzKq6NPMxqrpUgblelyOUO5tmv+RdUy1SAEDGfcR62t5YvDjM70icGjRkbZpBPu/L1wnVWr7JJUEoLt6a9IYJhHRRcV60VJclw5Kj0LSSJo15mUFjNjnEzhjC1RU9V6CMAJB97/2DkLdhZfcHq0xu6Gtua87vzY/Xhud9z7y+hUeXXMnOMgPF4CtEzDdfv+s7P3xCE4/hvZzN4ZezRv2MiGeEciGeGDEAKJJyb8i7jGN4oulzTwT4LrxHR1vxXZCJ3qeWXOF5vL3OJGbXPP/0dC1Q9nCJ9bl811zkBS8AKIz+VSF//afVj0FblmVZVtK1JH3zfO5KTk7QyRunoEsh+pUgzVKRb4Sa6hg6ACiMRuPEF6atLac3aHh0dJ9lWYODg/aflUqlVCr19HgHtF/sj15jWynq5SoLdwk0Y9CsUKjuuASA3Jl488QXSC/rWhKuhHjuabAsa/Sk4eHhkZGRUYWI0wzyGrZvGuH4sOib10W+VKgKj05VcqDyPS9+5hc8wyZy3dfp+U9Bqco0qUs/zaDJJSeWkwFAYTz4hT1CiNuuWx+6hPx9S6vzMqC6Fno+WyjnVT09IWc0KVyfzPd185LlLPp7/QJ9RPZsIjkwVTOa12VYZvS6ksjFxAOA/Fp1zrLQeRctLCzEGIow+xppfho7RolewJIoPOjXSGfwCi2HxE9jx4uvkYYeXyMdzj0PPSmE+PS9V1/9jv5wJWT3kUsYSuLhzHTpn6JMXQZDAgBzA+UzQ+fN3/IEZJpF/TwyWYFKS5HaGUBbOVo98aOg5XPzNmhgLjd2CX2hZxLFVqvVzoXJ9as3tLjeWGQ2MADQG/3sd+2NJaXwiwwsTwAA0C7uuGHIP5EagwYAANpF38pI9xczaAAAoF2sWbU8SnYGDQAAtIu1fSG/QNrGoAEAgIJ787dVe2N5d2eUchg0AABQcB/7/A/sjY6ORVHKYdAAAEBbuOfmt0csgUEDAABtYU3YX8RuYtAAAECRzc+f+JGpiHdBCgYNAAAUW6Mxb2+s7zsrYlEMGgAAKLLXJ39vbyxeHPWiz6ABAIAie/gfnxVCXBv257CdGDQAAFB86/sjfRekjUEDAADFt37g7OiFMGgAAKCwmo9OrB+IehekYNAAAECBHTk2Y2+sXLEsemkMGgAAKKwPP/r9GEtj0AAAQMG9+4ahWMph0AAAQMGtjfwF0jYGDQAAFNza1QwaAACAWn22YW+sWx3DlzQIBg0AABTVm4er9kb3sqWxFMigAQCAYvqTv90jhLjhijVxFcigAQCAIutfeWZcRTFoAACgyAZienRCMGgAAKDY1pbjuQtSCFGKqyAAAJAdx2uz9sbAKqPlic89sVkI8Wd37TnjLOWvVDDTAABAAX3gz79jbyxe7H+tt0cMYrprvj6rScagAQCAwnr3lg2+aaZefdXe2Hzkju6VvZqUDBoAACis/lX+d0H+y/MjQojuN85/96c/o0/JoAEAgMLyfd5yYt8L9saV59zgWxqDBgAAimZ2bt7e8P3Via+99FEhxNnjl279+AO+xTJoAACgaCpHpu2Nc846Q5Ps9Z/+zN64esNNJsUyaAAAoGg+9vkfCCG2bl6rT/b4yx8XQqx49dLL33OPSbEMGgAAKKbyud2afx177kf2xk2b37P0TF3KJgYNAAAU04D6Lsi5ev0/fv2nQojyK5sv2XmHYYEMGgAAKKZ+9XdB/vI737M3br1lxLxABg0AABTK9MycvdGnnml48ujnhRDrXnnX0LZt5iUzaAAAoFDe/5n/sjeWdS3xTHDiS6OFuOn29wYqmUEDAAAFtONdPl8gff6rN593/XWBymTQAABAAZV7vR+IaE4z3Pr++4KWyaABAIAC6lMMGmwXjN+28oKNQctk0AAAQAGtW71cftGeZii92feeRx4NUSaDBgAAiuN3R2v2xgrpC6RP/QR2x7bS0qUhCmfQAABAcdz3F98XQmzdvHZJyX2Jt38Cu+e1jbd98pPhCmfQAABA0aw82z3N0PxtqitX+f8EtgqDBgAAikb+1YkTv001dumWj300dLEMGgAAKJr+VT3OP/f/aK+9seWSHVGKZdAAAEBBzM7N2xtryqcNGv59/0NCiBVjl116184o5TNoAACgIHY9/JS90dN96uGI5rc5bb/hA+Eemmhi0AAAQKHcdt1gc7t+rGpv9L1y9dtvuTFiyQwaAAAolJXnLGtu/81/brU3brv9/dFLZtAAAEChyF8gPfjKDUF/m8oTgwYAAApl4OSjE827GbbdORJLyQwaAAAogurxur1RPneZ8/UL9t+27uqrYqmCQQMAAEXwwUe+a290Li2Jk9MMnQfW3zTyobiqYNAAAEBx3LltyPnn22YvCvET2CoMGgAAKI7V554pTk4zLDm05q7PfDbGwhk0AABQHP0ru5v3P161NORPYKswaAAAoDjWrl5ubyz/9YW3PPRgvIUzaAAAIPfueehJe+NL395ib1w1sC32Whg0AABQEDdcvsbeOPfVTdd/5MOxl8+gAQCAgjgy/4C9sfWKSL9mqcKgAQCAQjn3lXdeuOO2JEpm0AAAQBFctumv7I07b7833ocmmkrOP4aGTn0jxNjYWBL1AQCAeDUa86X5E98hveb/rjtvNIbfpvJ0atAwNDTkHCi4/gQAANk0/KmnLrv87+3t7XePJlcRyxMAAOTbovk5e2Po1W0Dm69IrqKSf5KAvvbDRO7YRNHsTTsAACiKd1x+YuPGne9LtCL/QcPPf/5z558vv/zyRRddlFg8AAAgjJUvXXXoEnHohReSq8J/0HDllVdq/pT9dPdVjY65ZQtnRgnr0KpfLX9roGuhO1Iha/9n1W8ijW+qpSO1syor33pblEKOdB9qLJ7rPbo2SiFvrdi/tNpzVr03SiFxtWrv6xcsWhR+Yev4ElpVKoRWPR2t6kKruhSpVecac2+tf2nVG5GuVo1Fc43Fs1tvuefiKxJcmxBJLE/c/sDDy5YtK5fLsZeMYjh69Ojrr79+8cUXpx0Isuull15at25dT09P2oEgoyYnJ48fPz44OJh2IG2HGyEBAICRUzMNY2NjfE8DAABQOW15goECAABQWbSwsJB2DAAAIAe4pwEAABhh0AAACMB59xvajccjl3aHaN7fEP3uyNAFyilVeWOPuZBcrSQi/MJI7L3CPCR6RetF+SWaiM3egtOF5yttyzUgiPG4R+kJ8R6yZiT0qDAWTrdhw4bm/50bnn+aCF2gnFKVN/aYi0rThkHLiViI65A5X9eXRq9IRejmitjsLThdeL7SzkzawTeN+eEwj8q3TPOiQiSjRzW5lydcI6PoA6XQJZhnLOZoLhmuB2ubhhzE6QPqJKYiPQ+ZycdZekXqnP1EnOwerhebWnYUonQMuoov1/nB9aKcPokmdZ675N9klmMTXucu8zkzepRK/N8IidyR34Gpx4DMci73NOds5RdRGJ7nh0wddM9IVFGxTBmR0aDBcAUoOfbh5+6bWNgtqT+UzTSeKWP/HrBwJx16RUb4HrsWn0DoGBGZvLvND6VzcBkie2gmkRueeehRTkaDBtXYLcTEVNCmL/LtJOkxGTdoyN0gYq9w5TK8F5JekYoQp07Nhz99b+F0kQrP25NDlOM8HPqThqoKebnc8xAndzmnR8kiLU+Ea0rzmfDUZ70QQohDFmjsT69IkWv6N3qBge5i4XSRlhAX6aCHI5bPMPGOHuhRnny+pyHRCRn9weaAJcr3M1zE2YjoPMOjV+RLjCcQz1lu+V+RtCRGDObGxsZiL5keFYh7psF1U3T01WtNgYGmrDXBxB5zuwnaYkn0ihB59cHQK5IQdL0gxq7SgtMFc9Ge5JZ0PZA9bsUAAABgSURBVKrge7+hZyEJhRcosckyqG/edutRWfntCYZ1cKFLZEemjkWmgkEB0KMCycTXSHPM4EKXgCc6BuJFjwoqKzMNADKokPOrAEJj0AAAAIxkYnkCAABkH4MGAABg5P8BcixLeDSFOcAAAAAASUVORK5CYII="
                                height="200"
                width="700"/>
    
    
        <br/>
    <a style="text-decoration:none; color: rgb(13,13,13); font-size: 9pt;" href="#reportTop">
        Back to top
    </a>
</body>
</html>