<?xml version="1.0" encoding="utf-8" ?>
<result>
	<row>
		<label>Site AAAAAA</label>
		<nb_visits>6</nb_visits>
		<nb_actions>9</nb_actions>
		<nb_pageviews>9</nb_pageviews>
		<revenue>0</revenue>
		<visits_evolution>200%</visits_evolution>
		<actions_evolution>200%</actions_evolution>
		<pageviews_evolution>200%</pageviews_evolution>
		<revenue_evolution>0%</revenue_evolution>
		<idsite>1</idsite>
		<group />
		<main_url>http://piwik.net</main_url>
	</row>
	<row>
		<label>SITE BBbbBB</label>
		<nb_visits>2</nb_visits>
		<nb_actions>2</nb_actions>
		<nb_pageviews>2</nb_pageviews>
		<revenue>0</revenue>
		<visits_evolution>100%</visits_evolution>
		<actions_evolution>100%</actions_evolution>
		<pageviews_evolution>100%</pageviews_evolution>
		<revenue_evolution>0%</revenue_evolution>
		<idsite>2</idsite>
		<group />
		<main_url>http://piwik.net</main_url>
	</row>
</result>