<?xml version="1.0" encoding="utf-8" ?>
<result>
	<row>
		<name>All Channels (Referrers)</name>
		<documentation>This report shows all your Referrers in one unified report, listing all Websites, Search keywords and Campaigns used by your visitors to find your website.</documentation>
	</row>
	<row>
		<name>Browser Plugins (Visitors)</name>
		<documentation>This report shows which browser plugins your visitors had enabled. This information might be important for choosing the right way to deliver your content.</documentation>
	</row>
	<row>
		<name>Browser engines (Visitors)</name>
		<documentation>This report shows your visitors' browsers broken down into browser engines. &lt;br /&gt; The most important information for web developers is what kind of rendering engine their visitors are using. The labels contain the names of the engines followed by the most common browser using that engine in brackets.</documentation>
	</row>
	<row>
		<name>Browser language (Visitors)</name>
		<documentation>This report shows which language the visitor's browsers are using. (e.g. &quot;English&quot;)</documentation>
	</row>
	<row>
		<name>Browsers (Visitors)</name>
		<documentation>This report contains information about what kind of browser your visitors were using. Each browser version is listed separately.</documentation>
	</row>
	<row>
		<name>Campaigns (Referrers)</name>
		<documentation>This report shows which campaigns led visitors to your website.</documentation>
		<onlineGuideUrl>https://matomo.org/docs/tracking-campaigns/</onlineGuideUrl>
	</row>
	<row>
		<name>Channel Type (Referrers)</name>
		<documentation>This table contains information about the distribution of the channel types.&lt;br /&gt;&lt;b&gt;Direct Entry:&lt;/b&gt; A visitor has entered the URL in their browser and started browsing on your website - they entered the website directly.&lt;br /&gt;&lt;b&gt;Search Engines:&lt;/b&gt; A visitor was referred to your website by a search engine. &lt;br /&gt; See the &quot;Search Engines &amp; Keywords&quot; report for more details.&lt;br /&gt;&lt;b&gt;Websites:&lt;/b&gt; The visitor followed a link on another website that led to your site. &lt;br /&gt; See the &quot;Websites&quot; report for more details.&lt;br /&gt;&lt;b&gt;Campaigns:&lt;/b&gt; Visitors that came to your website as the result of a campaign. &lt;br /&gt; See the &quot;Campaigns&quot; report for more details.</documentation>
	</row>
	<row>
		<name>City (Visitors)</name>
		<documentation>This report shows the cities your visitors were in when they accessed your website.&lt;br/&gt;In order to see data for this report, you must setup GeoIP in the Geolocation admin tab. The commercial &lt;a rel=&quot;noreferrer noopener&quot; target=&quot;_blank&quot; href=&quot;http://www.maxmind.com/?rId=piwik&quot;&gt;Maxmind&lt;/a&gt; GeoIP databases are more accurate than the free ones. To see how accurate they are, click &lt;a rel=&quot;noreferrer noopener&quot; target=&quot;_blank&quot; href=&quot;http://www.maxmind.com/en/city_accuracy?rId=piwik&quot;&gt;here&lt;/a&gt;.</documentation>
	</row>
	<row>
		<name>Configurations (Visitors)</name>
		<documentation>This report shows the most common overall configurations that your visitors had. A configuration is the combination of an operating system, a browser type and a screen resolution.</documentation>
	</row>
	<row>
		<name>Continent (Visitors)</name>
		<documentation>This report shows which continent your visitors were in when they accessed your website.</documentation>
	</row>
	<row>
		<name>Country (Visitors)</name>
		<documentation>This report shows which country your visitors were in when they accessed your website.</documentation>
	</row>
	<row>
		<name>Custom Variables (Visitors)</name>
		<documentation>This report contains information about your Custom Variables. Click on a variable name to see the distribution of the values. &lt;br /&gt; For more information about Custom Variables in general, read the &lt;a href=&quot;https://matomo.org/docs/custom-variables/&quot; rel=&quot;noreferrer noopener&quot; target=&quot;_blank&quot;&gt;Custom Variables documentation on matomo.org&lt;/a&gt;</documentation>
		<onlineGuideUrl>https://matomo.org/docs/custom-variables/</onlineGuideUrl>
	</row>
	<row>
		<name>Downloads (Actions)</name>
		<documentation>In this report, you can see which files your visitors have downloaded. &lt;br /&gt; What Matomo counts as a download is the click on a download link. Whether the download was completed or not isn't known to Matomo.</documentation>
	</row>
	<row>
		<name>Entry page titles (Actions)</name>
		<documentation>This report contains information about the titles of entry pages that were used during the specified period. Use the plus and minus icons on the left to navigate.</documentation>
	</row>
	<row>
		<name>Entry pages (Actions)</name>
		<documentation>This report contains information about the entry pages that were used during the specified period. An entry page is the first page that a user views during their visit. &lt;br /&gt; The entry URLs are displayed as a folder structure.&lt;br /&gt;Use the plus and minus icons on the left to navigate.</documentation>
	</row>
	<row>
		<name>Exit page titles (Actions)</name>
		<documentation>This report contains information about the titles of exit pages that occurred during the specified period. Use the plus and minus icons on the left to navigate.</documentation>
	</row>
	<row>
		<name>Exit pages (Actions)</name>
		<documentation>This report contains information about the exit pages that occurred during the specified period. An exit page is the last page that a user views during their visit. &lt;br /&gt; The exit URLs are displayed as a folder structure.&lt;br /&gt;Use the plus and minus icons on the left to navigate.</documentation>
	</row>
	<row>
		<name>Keywords (Referrers)</name>
		<documentation>This report shows which keywords users were searching for before they were referred to your website. &lt;br /&gt;&lt;br /&gt; By clicking on a row in the table, you can see the distribution of search engines that were queried for the keyword.&lt;br /&gt;&lt;br /&gt;Note: This report lists most keywords as not defined, because most search engines do not send the exact keyword used on the search engine.</documentation>
	</row>
	<row>
		<name>Language code (Visitors)</name>
		<documentation>This report shows which exact language code the visitor's browsers is set to. (e.g. &quot;German - Austria (de-at)&quot;)</documentation>
	</row>
	<row>
		<name>Length of Visits (Actions)</name>
		<documentation>In this report, you can see how many visits had a certain total duration. Initially, the report is shown as a tag cloud, more common durations are displayed in a larger font.&lt;br /&gt;Please note, that you can view the report in other ways than as a tag cloud. Use the controls at the bottom of the report to do so.</documentation>
	</row>
	<row>
		<name>Outlinks (Actions)</name>
		<documentation>This report shows a hierarchical list of outlink URLs that were clicked by your visitors. An outlink is a link that leads the visitor away from your website (to another domain).&lt;br /&gt;Use the plus and minus icons on the left to navigate.</documentation>
	</row>
	<row>
		<name>Page Titles Following a Site Search (Actions)</name>
		<documentation>When visitors search on your website, they are looking for a particular page, content, product, or service. This report lists the pages that were clicked the most after an internal search. In other words, the list of pages the most searched for by visitors already on your website.&lt;br/&gt;Use the plus and minus icons on the left to navigate.</documentation>
		<onlineGuideUrl>https://matomo.org/docs/site-search/</onlineGuideUrl>
	</row>
	<row>
		<name>Page URLs (Actions)</name>
		<documentation>This report contains information about the page URLs that have been visited. &lt;br /&gt; The table is organized hierarchically, the URLs are displayed as a folder structure.&lt;br /&gt;Use the plus and minus icons on the left to navigate.</documentation>
	</row>
	<row>
		<name>Page titles (Actions)</name>
		<documentation>This report contains information about the titles of the pages that have been visited. &lt;br /&gt; The page title is the HTML &lt;title&gt; Tag that most browsers show in their window title.</documentation>
	</row>
	<row>
		<name>Pages Following a Site Search (Actions)</name>
		<documentation>When visitors search on your website, they are looking for a particular page, content, product, or service. This report lists the pages that were clicked the most after an internal search. In other words, the list of pages the most searched for by visitors already on your website.&lt;br/&gt;Use the plus and minus icons on the left to navigate.</documentation>
		<onlineGuideUrl>https://matomo.org/docs/site-search/</onlineGuideUrl>
	</row>
	<row>
		<name>Pages per Visit (Actions)</name>
		<documentation>In this report, you can see how many visits involved a certain number of pageviews. Initially, the report is shown as a tag cloud, more common numbers of pages are displayed in a larger font.&lt;br /&gt;Please note, that you can view the report in other ways than as a tag cloud. Use the controls at the bottom of the report to do so.</documentation>
	</row>
	<row>
		<name>Region (Visitors)</name>
		<documentation>This report shows which region your visitors were in when they accessed your website.&lt;br/&gt;In order to see data for this report, you must setup GeoIP in the Geolocation admin tab. The commercial &lt;a rel=&quot;noreferrer noopener&quot; target=&quot;_blank&quot; href=&quot;http://www.maxmind.com/?rId=piwik&quot;&gt;Maxmind&lt;/a&gt; GeoIP databases are more accurate than the free ones. To see how accurate they are, click &lt;a rel=&quot;noreferrer noopener&quot; target=&quot;_blank&quot; href=&quot;http://www.maxmind.com/en/city_accuracy?rId=piwik&quot;&gt;here&lt;/a&gt;.</documentation>
	</row>
	<row>
		<name>Search Categories (Actions)</name>
		<documentation>This report lists the Categories that visitors selected when they made a Search on your website.&lt;br/&gt;For example, Ecommerce websites typically have a &quot;Category&quot; selector so that visitors can restrict their searches to all products in a specific Category.</documentation>
		<onlineGuideUrl>https://matomo.org/docs/site-search/</onlineGuideUrl>
	</row>
	<row>
		<name>Search Engines (Referrers)</name>
		<documentation>This report shows which search engines referred users to your website. &lt;br /&gt; By clicking on a row in the table, you can see what users were searching for using a specific search engine.</documentation>
	</row>
	<row>
		<name>Search Keywords with No Results (Actions)</name>
		<documentation>Tracking searches that visitors make on your website is a very effective way to learn more about what your audience is looking for, it can help find ideas for new content, new Ecommerce products that potential customers might be searching for, and generally improve the visitors' experience on your website.&lt;br /&gt;&lt;br /&gt;This report lists the Search Keywords that did not return any Search result: maybe the search engine algorithm can be improved, or maybe your visitors are looking for content that is not (yet) on your website?</documentation>
		<onlineGuideUrl>https://matomo.org/docs/site-search/</onlineGuideUrl>
	</row>
	<row>
		<name>Site Search Keywords (Actions)</name>
		<documentation>This report lists the Search Keywords that visitors searched for on your internal Search Engine.&lt;br/&gt;&lt;br/&gt;Tracking searches that visitors make on your website is a very effective way to learn more about what your audience is looking for, it can help find ideas for new content, new Ecommerce products that potential customers might be searching for, and generally improve the visitors' experience on your website.</documentation>
		<onlineGuideUrl>https://matomo.org/docs/site-search/</onlineGuideUrl>
	</row>
	<row>
		<name>Social Networks (Referrers)</name>
		<documentation>In this table, you can see which websites referred visitors to your site. &lt;br /&gt; By clicking on a row in the table, you can see which URLs the links to your website were on.</documentation>
	</row>
	<row>
		<name>Visits by Day of Week (Visitors)</name>
		<documentation>This graph shows the number of visits your website received on each day of the week.</documentation>
	</row>
	<row>
		<name>Visits by Visit Number (Actions)</name>
		<documentation>In this report, you can see the number of visits who were the Nth visit, ie. visitors who visited your website at least N times.&lt;br /&gt;Please note, that you can view the report in other ways than as a tag cloud. Use the controls at the bottom of the report to do so.</documentation>
	</row>
	<row>
		<name>Visits by days since last visit (Actions)</name>
		<documentation>In this report, you can see how many visits were from visitors whose last visit was a certain number of days ago.</documentation>
	</row>
	<row>
		<name>Visits per local time (Visitors)</name>
		<documentation>This graph shows what time it was in the &lt;strong&gt; visitors' time zones &lt;/strong&gt; during their visits.</documentation>
	</row>
	<row>
		<name>Visits per server time (Visitors)</name>
		<documentation>This graph shows what time it was in the &lt;strong&gt; server's time zone &lt;/strong&gt; during the visits.</documentation>
	</row>
	<row>
		<name>Websites (Referrers)</name>
		<documentation>In this table, you can see which websites referred visitors to your site. &lt;br /&gt; By clicking on a row in the table, you can see which URLs the links to your website were on.</documentation>
	</row>
</result>