<html style="background-color:#edecec">

<head>
    <meta charset="utf-8">
    <meta name="robots" content="noindex,nofollow">
    <meta name="generator" content="Matomo Analytics">
</head>

<body style="color:#212121;font-family:-apple-system, BlinkMacSystemFont, 'Segoe UI', Roboto, Oxygen-Sans, Cantarell, 'Helvetica Neue', sans-serif; line-height: 24px; margin:0 auto; max-width:1000px; background-color:rgb(255, 255, 255);box-shadow: 0px 0px 5px 1px rgba(0,0,0,0.75);">

<a name="reportTop"></a>

<table style="width:100%; background-color: &#x23;3450A3; color: &#x23;fff; padding:10px 0; margin: 0 0 25px 0; height:64px;">
    <tr>
        <td>
            <a style="color:#212121;font-family:-apple-system, BlinkMacSystemFont, 'Segoe UI', Roboto, Oxygen-Sans, Cantarell, 'Helvetica Neue', sans-serif;; font-size:16px;padding:0 15px;padding-bottom: 8px;color: &#x23;fff;height: 22px;display: inline-block;vertical-align: inherit;" rel="noreferrer noopener" target="_blank" href="http://example.com/piwik/tests/PHPUnit/proxy/">
                                    <img src="http://example.com/piwik/tests/PHPUnit/proxy//plugins/Morpheus/images/logo-email.png" height="30px" width="auto" alt="Matomo,&#x20;free&#x2F;libre&#x20;analytics&#x20;platform" />
                            </a>
        </td>
        <td align="right">
                        <a style="color:#212121;font-family:-apple-system, BlinkMacSystemFont, 'Segoe UI', Roboto, Oxygen-Sans, Cantarell, 'Helvetica Neue', sans-serif;; font-size:16px; padding:0 15px; color: &#x23;fff" title="View Web Analytics reports for Site 1." target="_blank" href="http://example.com/piwik/tests/PHPUnit/proxy/index.php?module=CoreHome&action=redirectToCoreHomeIndex&idSite=1&period=week&date=today-date-removed-in-tests">
                Dashboard
            </a>
                    </td>
    </tr>
</table>

<div style="margin:0 20px 25px 20px;">

    <h2 style='color:#212121;font-family:-apple-system, BlinkMacSystemFont, &#039;Segoe UI&#039;, Roboto, Oxygen-Sans, Cantarell, &#039;Helvetica Neue&#039;, sans-serif; color:#37474f; line-height:30px; margin:25px 0 15px 0;'>
        Hello,
    </h2>

    <p style='font-size:15px;line-height:24px;margin:0 0 16px;color:#212121;font-family:-apple-system, BlinkMacSystemFont, &#039;Segoe UI&#039;, Roboto, Oxygen-Sans, Cantarell, &#039;Helvetica Neue&#039;, sans-serif;'>
                Please find below your week report for Site 1.
                <br />Mail Test report (each in period)
        <br />Date range: January 2010
        <br />Sent from http://example.com/piwik/tests/PHPUnit/proxy/.
    </p>

    
    
<h2 id="Actions_getPageTitles" style=" color:#0d0d0d;font-family:-apple-system, BlinkMacSystemFont, &#039;Segoe UI&#039;, Roboto, Oxygen-Sans, Cantarell, &#039;Helvetica Neue&#039;, sans-serif; font-size: 24pt; font-weight:normal; margin:45px 0 30px 0;">
    Page titles
</h2>

            <img alt=""
                                    src="data:image/png;base64,iVBORw0KGgoAAAANSUhEUgAAArwAAADICAIAAACF9KXqAAAACXBIWXMAAA7EAAAOxAGVKw4bAAAgAElEQVR4nO2deZAdR53ns9573f369Xvd/fq+1YcOS5ZkGfkQtmXjA8yCMSvjQRiPVsyw42HB2AGG2WBmF97sjGOGAMMSQYxZiN3BGyMGH9gD3mDsGd/C+JKNLEuyLbnVurr1pL7v7nfuH9WqLtWRlVWV9ero7yc6OupVZf3yl5lVmb/K/GWmUCwWyXn6+vqk4/7+fgIAAAAAcJ6IdNTX1yc3FBQ/AQAAALDCCUlHMBEAAAAAQCFkHAQAAAAAQD48IUc+NjE4OCi/dPbs2ZaWForE6enpeDwuCAIvFc1y9/deI4R8ZGvz7Td0u6VDYFhcXCSEVFRUuK0I4ECxWJydnY3H424rAviwsLAQDofLysrcVgRwIJ/PLywsVFVVua2IAcqehr6+PpveDJlMRu5c6RaH+ifcViEIZLPZbDbrthaAD8ViUbQCQTDIZDK5XM5tLQAfCoVCJpNxWwtjLuhp0DQX2tvbKT/VzMzMtLS0RCLafRglo6KivK2tzV0dAkA6nRYEobm52W1FAAey2ezc3Bzei8BQLBaj0Wh9fb3bigAOzM/P53I577+eyz0NAZsukS8UsrmC21oAAAAAwUHZ0yD/6ZwNcfDosEOSv/0PvxMPzgzPvvr2YLI66lBEK4Sx8UlChOEpOMxqsHFNo9sqAABASVk2GoLUzSAyObMIowEAAADgRZC/IKdm4PMFAAAAcMNbRsOnP75N/OMibTLoRgOvjAIUkMkAACDhIaPh0x/f9uunXhX/uNTU03NemSvoRMMjZhdFOD1SR9tCyfjjaAIyxstdJq+nEQAAAoCHjAY5YnPIiF6dPjPnlTmvppLDgmQxWIa7Smr5fE1AxkgdEgu7AQAAiGeNBi54x2hY4aDRBQCAYODyEkwSYqMi/hfbGPl/cv4jUt72yM9I5y+59ftSgEy28B8/cc2//PZ30lXFl6hamvq8/JKeHPmN6iikhOgJUVzVPKbHQkGeh/J4NVWSAuglRC8JprCf7Q7ls55iRCdPAABgpeEVo0GvUqY0opIPhHReXKSht6PmY9t6fvLY/qHhmbLKGsYmWd5yaLZkLM25IVyE2ImU5Se7NAtJKE22W7iLni0AAACI94cnKBW33qVsNl9bvbTBUlk0KQ8m/+Y29RGvOK/X3644T2+H1ELUvQJcoOSh2aaRMR8od3HJ9hLkMywGAABQw6Gn4bavPaE6d0gv8OM/3GE5IsVQhR5lkVC0Yild5ZW1lJCmmmcubTnF1KAMB3gKxnygdPWXINst5DPj0wUAACuZUg9PpFKpVCpl+Xb52LNe5V4ZLQud35i7TN9oMNstz9iWKBwyrAnxMuz5oHmeV7Y7kc8sTxcAAKxkOBgNj/9wRyqV6unpEX+m0+mmpqZQSHvgY2DAfoQarnxyqqLLu8uXRas1JXjwO179yRs8vJDthvlMf7oAAGAlw6enQd55cOTIkd7eXie2xmasx6ti5dJx5EKjgTJ2Lh5QPPDZHeUon796QtQNGHuLZWd0Qy+9CqzlgyE2s51vPsNKAAAAQ7wye4IFRY2vaDzI+fmWiZi8pyFBv0X9k+WY2OgA5yWE7utn1uZQHDPmj9kklCzbLdxFvwUmBQAAEEKEYrHIVyJLT4NDW2OLUy7/+JMb1q6qE4/nJ4f+9r7PVJSHLcv0ZmvhnFYKyWPjY4QIdcmkE3Gxq+E6mvr4bmvsbDY7MDCwdu1atxUBfBgcHIxGo/X19W4rAjgwPz8/NDTU19fntiIGeH3KJTuilbCqNVFdVUEI+R9fvoYQUlnTNjG9YEoOZS6fdwie34OXs91r+gAAgFv4aXiChcVsvub8Ig0ik9OLzfVV7BIUfeM8leOK3oi+T/FstgcpkwEAwCbuGA3O9es21Ma2rm8JhQTpTKyq3Gx0/f39vPVyBCf0VMhMp/OCIDQ3l6If3pvZ7k2tAADAFYIzPCFSHS+XWwyEkJHxObeUAQAAAIKEOz0NudMvOiQ5QUYVwkeGjudOjzgUXeAJjY0JRMhlS+0ICZwgn8sR0um2FgAAHxO0noZklTJFo9MFVzQBAAAAAkbQjIa6uDJF4zMwGgAAAAAOBM1oqI0LijOFYnF2YSXaDeuu+1OWMOJfySLlGBfQA5kMAHAIrxgNUutlrQ377ANjhJA1raHG6uUUPXJfHSEkPVE8O5lXR6enhtmo/cu66/70/Rf/j/hXmoSLMRKr+e+okjafQDvxcpdZsgIFAKw0PLROg9iciEitiykWs6SxWmPxx9HpQm+z8qS1KNzFOZ1LkBX2lXdaSftPoM1I+Yr14xMOAPA4XulpUGDtUyleKZRHlMMThJDhSY3hCXyNAQp4PAAAQI2HehooyKtvxeegeCBuVVUdDWmeH9GZQEH/GtOMVAwvXVJ0tmvqRpGvaJnot4tn6GINu/01pUn5oFbplSe+b5giRucJ9q9evZyRC1FEqlmUmuGtfXwbFpPikmaGa6pHV1JxVX2spxhBZwMAwAF8YDQoKj55dSmdF30aaqtCmufPafU0WItUfUy0qni98BaSJh0btgFqaRTl9aSphbz6xAP0HKA0opah5L+FSBmLw6wypjLcVCyMd9GzBQAAuOPR4Ql59af3Sa0+XxcPaZ4f1Z91qdcLTal81d9zdN0oHd0sSWPsJ9drMMxKMyXEFR8Ls5Haz0/2J5ASnSJeenuvVlLd+6IGFgMAwGk49DRM/ygq/9lKyLx+4MS9untOUjpaGb9fk3FBEXhpeGJKOXtCDuWbmyVSTTw1HM5FGU+lyCyMytt/Ai0Ept9FH3aRWyQWYgQAALOUengilUqlUinNS+x9+HrCG6rDCjni8EQ4LEzOFWpiut0q6qrZZq+7pypxLsp4KkVmYVTe/hNIl6PwHbGmpOZdMB0AAKWBg9GQuHchlUr19PSIP9PpdFNTUyik00KPD5gSztIXLVoGs+OnGqo3Ki49cl/dZx8YG5sunpvMU4wGC5GCFYIXHgZ114ICTR8LAADgDh+fhlQqtfs8O3bs2LVr124d9LoZGJG7lytqz3CkvC4e0qtVz00Y+EJSBowtdDOoB6Qt387YEqjv4qIMXYhepBYEEtspVUvTi4vLwJO1DKd0M+jdRemT8PWYEQDAj3h99oSiMpX/lI5Fx4Xc4mxZWFDfIl4dnqa5NSgEUiK1rLbl2/X84+gNj96xBWXoQigRqW+n+/qxK6YZKcujYjYidrH2o7NwF/0WdDwAALgjFItFvhKPHDnS29sbidDMEb5bY4vDE+OD+//9BzfoXb1pU/ldH4tzjHSFMDY2JhAhWcdha2zn2jCPtI4eUUNCrU8ulzuZ6Vy7dq1bKgG+DA4ORqPR+vp6txUBHJifnx8aGurr63NbEQM8OuWSBcV36h23XEkJPIwNst3GQoeNx7EwilQyvKYPACAYeH14goJieKKuimYAnVPtWQVKj96Ivk+hjxa5SJAyGQDgKdwxGiId13GR09/fTwi57WtPEEKaui+OdHRqhXqCEHJushhquzYU0tiZAlAoRNKCIESaVft9WUUsMr44IdP7UVPQ06qYzZIBc9OXAABAjo+HJxQ0JSspV/MFMjZJWXQKAAAAAAa409MwvW+Il6jde14jhDTHyytPTU+PZdQBHrrzSjHM8VdOVjRV84p3hbA4NkYEYTqJwZ0gkMvlcunx6akL3r7EZW1u6QMA8B0B6WnI5os1leX0MCMzi6VRBgAAAAgkATEakrHysJG/wsgsjAYAAADAOj4wGrbs3G4YJhkz6GYghIzOagxeOAeL2n6JxVECkATvg0wGAHDBc1Mu5bXb/of3Mt5Vy2I0zJXOaNiyc7taeUXFzZ46p9HUtsRR6+lA181Rzd0qLycStf/hvVt2bt+353m+YgEAKw1vGQ2K6pK99qxjMBrGeRgNNit0a6lzGtctBss4rbkr5eVQLKLd8OQDv3BCOABgheCh4Ql1pcxeezZUVRiGGZ/L5Auc18y2g1iJu60FYAXlBQAAXulpMPyM0xy2EOdSEkLuvf/uV3/6z5rhpcBz2fzo7GJTIqruz1CEVCsjnhFDqsObTYtheCk6KVK5burY9cZ0NM+rT6qjo4siPL6GTeWSnm5yIWoN9TJWEd5aWsxmlKnHjPEuzWPKAN++Pc9fduf1HunfAgD4Ea8YDXTowxaJivDTP/q/9MpUNC+GZxc/9p8/qifKsBnTbIcchZJwPW8A+nl6Tqp/PvfgrzXP80siK2Y1Z5dmoUzZ89xOdBbusjzABwAALHhoeIKCnouceFAoFBPRiLwnQB5efnz3975DqVJL3P/MUqHTtVWH0buXRb7eLTd86VYvNDwc3SGtlbv8LlM+m3rRKeKlt/dqJdW9L2q8UHAAgCDBoafhzct+qjjzNnlBL/DWfXfZj1HB8PDJD33u6ywh79n9De6xKzD09peOS1Chq1sU9XjHyoTROqSUlyn70poxqnkXfdgF5QsAcJRSD0+kUqlUKsVX5tUbNz76FaYq8n8/+asdm+/lG7sp3B3akOuwwpsWxoQzuq0Y2gSU3iDNYSNTSmretcLLFwDgEByMhq377kqlUj09PeLPdDrd1NQUCukMfOjssWfHXaCeYeqEyA1X3bxCRnlZ/DNYggE1Xsg0ddeCApQvAMAJ+Pg0pFKp3efZsWPHrl27dutA6WbQHLWlRCrVhg3nF2nQGyqWjsfns2/98iX5NzdlUJlRDUVILtMKNM9T0sUu00I/+XM/+Q0lXlM/KWg2foz5yZgzeuVuSk92sYzRUboZ9O6i9Em44qMKAFg5eGv2xH79KX8U/u5//c230gfl4eVy5EKmF7K5fEFeTWuGVKuh2QDw+oajREcJyTLRQ/3TWg7r5YAd1I2lWjJ7DmtqyFiOpiJiF2s/Ogt30W+57M7rsbgTAMAOQrHIeb2jI0eO9Pb2RiI0c4TL1tjiLMqmqvIvXbO6ryHBGP7vbtnUVhOzH7smwesNHhsbI4JQl0zKT/JKpnPZ5ZGC8IgaElt2bn/ygV90dnTKT2JrbP8yODgYjUbr6+vdVgRwYH5+fmhoqK+vz21FDPDHlEsKM5lcS3Ule/gRx7at8loLwRGWQRwLlHiOawlwKKO4sAV7TwAAbOOt4QkLhEOhqnITqeCyA4Umnmoh+OLEoIxccmCyzrmMsomYyblczm1FAAD+xh2jgU+P6B5CCGlpTrBK20MIIbPJCvTHsjObDgmCkGhu7u/vdygKJyQ7p62Xo6YgapXNZiMDC4m1eP4BABbx/fBEY9Kcg8LY5IJDmgAAAADBxp2ehqF907xExTIRU9LOnJzhGHvgGRtbFASSTyLHgkAulxtP54amUJoWabvM2OEagGDj+56GuqqoqfAzC5kC7wkjAAAAwErA90ZD0qTRMJ/NZeAOBgAAAJjHr0bD3XueIYQ0V8ca4qzzLX98502EkLNTc6Mz2m4N23du4aUeL0qmknMRlSAJHiw4h1g5KXURZDIAFPxqNIjMZ3L1zEaDxMTcov2oKTULr0pn+84tex/ez0VUgPF+LvF6VKSU6t1Fl+ZoW7h95xb5n3MRqePlLnPvw/thNwCgh7+NhmhZpDwSNnvXxByHCRSUhkq6xNF64CLHmwQ7dYTTo2LfNnLatNr78H7pr2Rl6lCiYDcAoIe/jYbaGOv+lnK49DQAAPRAowtAUPHQipDyWkb+ASGdV39VvPLG04/+7Iv0wOInmnj+klu/TwiZWsiow1O0UsQrCVT3FUtnpBgV+tDVUyREfotm5sh1UxwrQuolzfD8rx98jpIJeoqxxKiZOsu5pCdfrYCiPWN5eOjHesoQe48KXTIFvTRu37nl+T37FCmVAlCKmK4bo0oKZfTU0IvOMG8N79I8pjwwmnkCAPCK0aCu/eW1qmYYQsidn9h5y7f+0jCwdCy6T/5279N3XLleM1JeahOtSsdUCyShVzOyqESRrJd29fnf/OQ5lrgME6IZmFcusStj7Umzj6lHxbm4NH+yS7OgJ0uGE50nkD06C3eZenoBACIeHZ7QrFbU32TiIg30wET1DREur8oXCox1hOKjzbCB17vErh4j6g9KeiyUYHI0zzNmAj0hFupxU7nEmI0sloRextLbV16Pin0owj9/36dMRc34RFHuYslww+joecur+OiJAgAQLj0NP73sTcWZF8jbeoHv2rdV8/xerc5nYvQZlIyZW6RBJBSOzGeyFm5Uo6e2TeiNOr0nmUvsjCHNJp+xvWGMXTMfGO9ljJdjbjv0qJQAxlyldPWbKhdrhWih+PxbIgC4SKmHJ1KpVCqV0rwkdRgQ2Wus+T6LrgkdtXGz8y1/fOdNd+95JlbbOTZrwhdSqno0WwtNtf2LXqexXiawJ5+xV9xyHtocbOJSdoF8VOx04RDz5WJoLlPy1iw+LREAXISD0XDXvq2pVKqnp0f8mU6nm5qaQiGdgY8BA2maYw2aLGRzZteQluAy61IOu9pcUH8t8RVrFsPkO50zjsrnm9slflTcxQvJNCy+FVUiANiEj09DKpXafZ4dO3bs2rVrtw563QyU3kW9YLGKskg4RGQfCuwjyhPzi+rwlATqfd9Y6Mk3VM+w8qJ8ZrE7H7CkXXFenQmWW1BKNwOlxBXnKblkoZtBL16zH7X2HxVDNBs/xjbvFw88aaro2UuEBT2xjNFRuhksFB/HEgFg5eCV2ROK116vFZRXAe8cemX7z/9cLzC9AhWXalCEt1CJUNRTy2dXjxKL4Y2MgTXTrk4Oiy0l/8keUjPn96qWBmLvGzelOYsEU7fblE8vNc1RIbVJZ0ETlqK3kzPs5W4zOgt30W9BxwMAmghF3ls+HjlypLe3NxKhmSM2N6cWZ05uX9O+84r11u69qq/t89s22NHBOTxVW42NjQkCSSbrxJ/e0c07mpQGLunN5XJn0mc6Ozq5S7aPR9SQ0NTHa1tjDw4ORqPR+vp6txUBHJifnx8aGurr63NbEQM8OuWShVpLUydEphf5zJ7gjteqTjne0c07mpQMvs4rXoB9MLH0eE0fALyDV4YnLGBtvqXIfCabLxTCet6a7oGqioWVmUt6I/o+xfJondMEKZMB4I7SaBD7Rvr7+x2N1W4v3x5CCFn9oWTbavNy9hBCSDgWqlpbXldreofMlUYoPSsIQnNzgjj/VABDbBZBNptdGIi0rb3grXGxWL35RHlTKwA8wgWf2n19fd5/YW772hOEkNWdNY3JmIXbH//hDkLI+8fHRibmOGsGAAAABJoLehpKZjEcT++zKWF6bmZm8fB8WrAs4d0Th8qjVsyOFcXY2Bghwnwx6bYigAO5XO7sZLo8PeW2IoAPZaTVbRXAisNzg/qMxKsi4ZB1i4EQMjWT56UMAAAAsBIwdoScnJyU/5yZmamurqaEz+Vys7OzuitCEkIImZuzOzQQqyjaFDI6vjA3F9a81Pnkxwghk723T118lzXhj+79unXNgFe5uuxrbds6jcN5lXw+Xyjk7b99wCNUChlCyPS0rRnswCMsLi7mcjnvl6ax0TA0NCT/OTAwQJ9ImslkhoaG6EbDyOQoo356REKZkRFbQkbHF0ZGLlhM+k/u+MY//vP3CSFis5A49sSx5s/YiQIEjBOH3y9frTukJT0/nqVYLGSzWZsvjhzvJzkAUDK5NlobCoVmZmZKrBJwgnw+L7aebitigLHRsH79espPNSyLO1Wk7RhTpwghnW01XV20Dg9DCSQU7epqVFzo6uqsf/ga8ThE8qsaY8VK7YVTbrx657MvP6x56aGnv0QIiZxtr5xrXN92lVUlyVsH97bXdbe0Wf+0HTh9sJxUtXX2GIb81SNPfeazH9eQcPxwmIQ7V62zrMMbr+5tam/o7jS9DJfEmcGBhcJMT+cmzauPP/qvt/3Rf6BLOHvm1GxutKfT+joHRwdfn+jdd3rNb2/supUSrKvLo/0Q4uOay+XOnEl3dnZwlEn03wXKO2J41b5u8p/ORaSOl3tcz778sJ7Ysnw9FncKDH5Z3Mmv6zTUJLRHFthZzBSyuWJZhOYYERk7nG3frnnJsGqI5CoO/27itn/abFnDu797/7Mvf4XYqIkuIqyxP//39/+3T/2F+nzzWAchQl2ddUfIr373frryhqlbT03Fc9+9/69u/a90HegSWIg+U7E3b9d710W4t2T2W0enG3K5fEcNFL1I+YotWRIAoKOccimaOdKB1/j6d0+JB8lqu0bDByczUzM5epjI2HuW5eeic6+cOGj5duApem9a6msZPnzWXU2ABcRG120tAAgC7ky51ET+Viu+EhQnu9vL62rK1Oc1A4sWukK4aHxMTBc++0laVRKeHFAb+JJAqW9WU+3wSO1CIavQh66e5reReEkzFrluimO1Pmr0qlH5+UeffJBofagZJt9QsmbqLOcSRRO93DD7/PynbycJIY/8+OGv/MM9minSS7L88dPTQU8NtTKachTRaSpAEUJ5kCyMO2gG1ix6zbIjOh/WFp5wikoKZfTU0IvOoXymvE3obAAewSvDE4r3QXO49Mard15y6/cJIfl8ccfNn9d85VjqPknON7/+A8V50aEh0/rhTNs18Te/VzH4UlO8xZTaYtNSdXJ9Q7SPkFcoLZxh1SyiVxOxqESRrNZc7/yjT/6EJS7DhGgGVleF1nKJ8fkxrLIpAV762VMDXf8S//RhvbF8ihHG+FjSxbLnBoUvfO4++0LMQn9OGLNRM7yFJJQm2y3cZeptAsAtPLpOg+ZrLB0fevuA+rw6sOHnyD3f/Irm+WJuMdu05DT32M++LK/FDBt48aAQyrV39covWVCPjvoDjh4LJZhmEhQnWTKBnhAL9ablXKI/EprPlWHUnX2rKaoaKsOYIsaPe72SpZfUzdfd+fNfPkARovlQ2Yfd2jOEMR8od3HJdno+GyrJks+wGIA34dDT8NcPXaY89Ypu4O/s1vYme1ar85moPjvEHoLsAp+ZrNOzBc3zAikUqleJx2Xj71Ik6KldCGdXXbNa5yZj6I26Xteo5ejUsTOG1Eu+HcnssStaApbnxw5d23vIc4QQsqGhm5dMU+pxScsXPnef+mQJHiqOMOaDPJidp8JatlNMOr18Nvs2AeAKpR6eSKVSqVRK85L0wUdkr43i/RF9EXKLfIyGmTntRSHztcvtfXjimPSqa1ajmmpXLTSVx8u5KFli9Dpp9TJBM/mmJCuwXGOyPD92CJct+d5u6OQzr9Jstzx7xwblcf35Lx/gNeXSLSx08Mjhle0s1YJZ2N8mANyCg9Hwnd37UqlUT8/SYgDpdLqpqUlvcacBMkCXptlXrCC7MKl3yRSz8xf0NOy/Z5AQsth6VS55ESFk9Pbn6x+7vjz9Wmhm0FCUqK24QkPZB2tqy9u4aKiH+uuEr1izGJZayT5bWZ4fy6wZ/MzR9l/FPsVhUowHv+Mdeqg8hRey3TCfHX2GAbAJH5+GVCq1+zw7duzYtWvXbh30uhlYBmgl/vt3/kwxoKgOzPLKvfbqgUy2oFBAyGdzjZsIISRcJp4JjxzU+57QVE+I5Dp6exUn2dUz1JzyWcPufKDOQE1N1HeZ+krTg9LNoB791ZNgqImeNM3ks2Rd10Vr9YSz95nrjZ3TxbLnDNEqKZGnX9yjGJ6gOFiwt1ia7yljm2f2UTSVD4bYzHZKN4PeXZR8DqqhBgKGV2ZPKF4zzVZQdGgghNRWh+XnNQOzVFiJxrWf/sTdmbnRpfDiWpChcCHeLg9WNno4230zi9ri1IliMdR+ZbdaH7PqacZieCNjYEUwzYbT8ItTr9RYQmrWy4pcostk0YTlPPvz0/yhdvIiIYQMvn6q/YpOvVQoYFRML0P0orD2GfrzXz5gX4i6sVQn35rNwfIo2smHkmW7hbvot6DjAXgEoVgs8pXIsoy0ta2xRYeG3o7yL+xoiMfsLu4kSvvS5xrXroqKZ8T5lnPrPj+/5cvyM9mGTVM3PsgiUxyeqD+27Zb/8gXLinmqdhC3xpZWhPSObm5pIhbxmtO3X/XFm1jC29eTY0o5LiPtXP575BnziBoSmvqU5VuxjHRg8Msy0h6dcknHvsUgMTW95Asp2geLLR/O1y3vszB6+/OEkLKRd0JTJw1Fic1J7OSGZIX1StlrVZUc7+jmoibr0p8jhBzteMy5KMyOsrlC8PwevJztXtMHrGS8MjzBDkeLgRAyNXvBBAohN59rkG2MdN6tITJyIFPdxSKwEF7sXGvdVETVwIKLudS5YfX7Y85GYXkYq8Tojej7FM9me5AyGQQAd4yG7hbV0g5MnCKEtDa0dLdY365QIU0oNna3bCKEiJM4o4mO+t5PyAOJ55OzQ5VsOoeLFVfc/MloQncDZX8RJWlBEJqbm4nbq4x7hPYbNz3z6N8SQmb25zZ+fJtheGuZ5lBWZ7PZwtxAd8ta46BsOKGni4+ZN59wilaDg8YTuwDgi/+GJ2oTFRylTc4syH+GGzZoBsufeY1RYCLXHBiLAagpiy09fof36y9hBgAAAcV/RkNdTSVHaTNzGULI9I+ihJBQ103hxksVAeJfnSGEFMffz48epsgRl8WMnV7XnPC6GwuwyYfGv0QIebd1j9uKAABAqfGj0cCzpyGbK8wtZMXjwuJEuP1qRQAhtDSCkzv9kqG0fHjxoksv56ge8CAXb/uw2yoAAIA7+MZouO1rT4gHDbU8O//fOToyOjkvHodiraFYk17I/KkXDKVF8tHuy9bz0g14k87NS6uMv/XrF93VBAAASoxvjAaRjX31DbV8hice/+EO8WBkbE48iDRupITPn36xWNTe4EoikWuFQ0PgkdwaDh182V1NAACgxPjMaAiHQ1UxzhtBrf63bkKI0H5tqGmrZgDRrYEsjheGD2gGEB0aoqfXtFav4asb8CZXTH+VEHKs43G3FQEAgJLiM6MhEefp0CCnOHM63H6N5iXJrSE/uJciIR+d2YDR7pXB5uu2iwcL03PuagIAAKXEZ0ZDTZVT+02Ha1cLFbvx4bgAABAYSURBVNX0MPn065SrkWxs1SXcZsADL9Ny0dJKX+/8OyZeAgBWED4zGmoTUYckh5suFQSD3CiMHCrmFvSuVi92SKPdINiEy5Y6n468Z2UXFQAA8Ck+MxqSNZyNhoe67yCECM1XhFpoq/vF75kjhBTGDudH3lFcWnJoGOppr8G8iRXEldP3EEI+aH/UbUUAAKB0+MxoqOe6spNEcfRwuPM6SgCpE6JwRrs7ejExunn7dv6aAa+y5WPXiwczw5PuagIAACXDH0aDbJEGR4YnMtXrhQiT5PywsqdBJJKp6tiMtSBXEI09reLBgWd+764mAABQMvxhNIhsWt1Qx3VlJ2mphqm4sUODSGHyWDEzoz5fM9UjjXODlYBU3APH3nZXEwAAKBl+MhrKy8KVFTwbZnHLif6F3nT0CsPAiXsXCCGFoZfzowelk6JDQ0W6u7dBe40HEGCuWvgGIeSDjsfcVgQAAEqEn4yGamcWaWguO3uyuJk9fOGMcuJlNjZx6Y3Xc1UK+IDLb7lJPBg9cdZdTQAAoDT4y2hwZJGGgUzf+EyePXx+5KDiTPl8bcv6Lq5KAR9Q294gHhx+ibaABwAABAY/GQ01zvQ0HFlYNzmzyB6+ODtYXJyQn0nOwwVyRXP8hLZ7LAAABAw/GQ3Jap5TJ0SHhnfnLnpvYf3ULJPRILo15E8+K86hEB0aKgfXdDdfwlEx4COuzf8lIeRYJzahAACsCPxkNPDa31JOIjLVv7gmJIQmpnWXelRTkK0nnS+f23IjVmhYoVx687Xiwbmjp9zVBAAASoAPjAZxkYZNaxoakvyNhu4NV+ZJ5FD/yMi4iZ2H5BMoyjPVTWs6uSsGfAHcGgAAKwofGA1LFIVkNX+jIdSyNNlyeGzehC5zw4X5EfE4me/hrhXwHceHlO6xAAAQPHxjNFRGI+VlYV7SRIeGUOcN4barxTNjU0xGw3m3hmf+5pGPE0Jip9d1t27ipRXwI9eHvk0IOdH1pNuKAACA4/jGaEjEHJhvmV8INy6t0DA2acKnQaIYym2+4WquOgGfsfmGq8SDoYPHXVUEAAAcxzdGgxOLNIRq+qQtJ0w5QkqU5xINvW1clQI+Q3JrOPTyq+5qAgAATuMbo6GW63xLkXDzpdLx5EzGgoR6oZuXMsDvnDp7yG0VAADAWXxjNNTVcDMazjs03Bhq2bZ8cjaTzxdYbk/cu/CD2o2EkNjJtd2dcGgA5Obo/YSQU6v+1W1FAADAWXxjNDTU8J46IQjh+g3Sr6Mnx8enTI5QCMUNH9lmHAwEnQ3XXS4enD7wgbuaAACAo3jdaBAXabi4t76e9yIN4Zoe0aFB2iD73JiJpRoIIRWZaP2qZr5aAT9S3VInHhzc+4q7mgAAgKN43WgQCYWFmjif4QlxbIIQEmrcorg0Osk061JcPZoQUjebL8ymuWgFgsFr8R+5rQIAADiIP4yGWLSsLMJT1VDHR8KtypGF0QkT6ztVnujpDJ3ND+HLEhBCyCfif++2CgAA4Dj+MBqqq3jvbxmuCNUqt6YcnzKx16VAhNV1B/NnYDQAQghZf+2SW8PJPxxxVxMAAHAOfxgNtQnORkO4drW0QoPEGNvwhEjlQrQ6NgqjAYjEG2vEg7df3OuuJgAA4Bz+MBpq4nyMBplDw2b11YkZ454GyaEhuUgIIYX0G4WZIS66gWDwVvJBt1UAAACn8IfRwHGRBkKI0Hql2qGBEDI7l8nmmJZqiA71rd22SzzOncaXJSCEkB2N/9NtFQAAwFk8bTSI8y0JIfXJGEexQllNqEZja8rjQ1OjE0yzLoWisG77VvE4d/oFjroB/7L6w5eIB8dexdKQAIBg4mmjQeSi7mQjV6MhnFwrhC/YyUJaqmF4nMmtIZZtkKbm50+9UCwy9U+AYBNLJsSDt/Y+564mAADgED4wGsKRUCJWZl/OskNDy4f0woyM03oaJIeGpore5bNTA4WpU/bVA4HhUNNDbqsAAACO4AOjIRGrCIe56SnUXxxp/bDe1RGGpRrKz3WtWb+VEJK4d2nZ6cLgS7zUA77mjzp+Ih5k50xM3wUAAL/gA6OhuornpthCtE5IdOpdZZp1KRTXXXtBX0X+zGv2FQMBoPeKpd1Mju17111NAADACXxgNPDdFDtcf7EQiuhdHZ003rMqPtcqjV6L5EcOFAs5DsoBnxNNLDnfHHr9ZXc1AQAAJ/CB0ZDkYTRIDg2aky0lxvWNBsmhoblireJSIf16cXLAnoIgULzT+I9uqwAAAPzxgdFQx7Gnoao91H4N5fpiNreYofUZRMYa111yhfRTcmvIDf2ei4LA79yx6mfiwcK0uU1TAQDA+3jXaJAt0sBtU2yhojYUb6MEOH12hu4LWYjkNly7VeP8uT/YVQ4Egr6rN4kHH7z8truaAAAAd7xrNIj0ttc08VukIdRymSBoJ1laquHcKO0DMT7eVRbTWNM6P360mM/Y1xD4nXDZksfMe+/sc1cTAADgjteNhoqKSCxqd5EGyaGhbNVHDQMPay0KKTk0dEQ1Nq0ghBROPVsY/8CqgiCAYLUGAEDw8LrRUBOvCIUEPrLineGOaw1DjegvChkZa9585XbFScmtIZ9+3Y52IDDs3vBP4sHM8KS7mgAAAF98YDTwEhWKt4RiTYbBRvV9GgSBrLtOdzXJ/DDcGgAhhHRffpF48MGrB9zVBAAA+OJ1oyFZzc1oCLdezRJsRH/PqprJXr1LhJDi1IlizniZB7ByOHIYbg0AgEDhdaPB/spOyys0tDMZDaMTyoZ/2aEhcTHlxvzxpwrj75tXEASWd1v2uK0CAADwxOtGQ0Mtn/mWQtOWcOuVLCFz+fzcQlZ9Ppru3rhNe42HZbcGrCcNCCGE/MnmX4gHU+kxdzUBAACOeNRokBZp4DXfMhRtYHFoIIScG5s/OzarPi+QUN9VG+n35kfesaIcCBxdly4tG3rk5bfc1QQAADjiUaNBpL053sDLaGi+zDCMtFTDyJiGL2T1QpehhMLUiWIW6wCCZY4egXssACA4eNpoSFSWl5eF7Uhg3HJCgbynYdmhoXaD4Y2FE/+WHz1sRkEQcI60Pey2CgAAwA1PGw01CT6LNITat4dbjHsaJNRLNcQG12y86irKLTK3hlfNqgcCyRcv/aV4ALcGAEBg8LTRkEzw2apKqGwIVTawhx8eUw4xhIpl0uR7OoVh7DgACCGkY/Nq8eDQ87AjAQABwdtGQw0foyHceImp8Oo9q2pyHYz3FqaOw60ByOk/BjsSABAQPG001Nubb7ns0NByBT2kgnPnfRokh4b2BqZuBkJIYXBv/tx+U9GBYNPf8Su3VQAAAD542mhoqOGwSEOo66Phpi2mbhEEYXp2ecvK2OmLNm2nOTSIyNwafm8qOhBU/vyKx8WDicERdzUBAAAueNFokBZpaEjyMBpijUK0ztQtE9OL6dHlCRRlhQppfJqFwtk3TUUHgkrL+qVpugee+Z27mgAAABe8aDSINCYrG+uq7MsJNRisyCRHWqphWDbrsqbI6tAgUpjoh1sDkHPsJNwaAABBwLtGQ211tCxiXT3LDg0iZ0fnJIeGzpb1pu4tjBzIncE22WCZE11Puq0CAABwwLtGQx2P+ZahrpvCDZst3Dg8vtRVUDm4diODQ4PIslvD0F4LkYLg8ZXtvxEP4NYAAAgA3jUaannMtwzF24WKags3nj3v01Cei0sj0+zk0+hpAIQQ0tDbJh689dvn3NUEAADs412joZHH/pahRivdDISQc+fXd0qGOi3cXhg5BLcGIOfYGbg1AAB8j3eNhnob8y2XHRqaL7cmoaHtW+JBV5vxlhMazA7lBjFCAZYZXPW02yoAAIBdLjAa+mS4pZCE/fmWQvt14XpLTf55KtLdm2+8xtQty24Np2E0AEIIufemp8QDuDUAAPzOstHQ19fXL8Mtu0FapKHJ9nzLcE23UB63I6Fysa5+VbO1e3Mnny0WC3ZiB8Ggtn1p35PfP/7/3NUEAABs4tHhidp4eZ1tR0izW06ISEs1EEKSghWHBpHi+JFiZsby7SB4nBg96LYKAABgC48aDXW1leGwRd2WHRpaP2xNwiVb7hcPurss+lESQkhuNn/6Reu3g8BxrueFfDbnthYAAGAdoVgsikfi8IR0QfGTHWlNJL8TmkwePvpni5EyC/c+1H0Hd32Af5nPVD3Y1OO2FgAAYEDl6d6/+KtHKAEihiLeeOMN+c/33ntvwwZb3oV+IbQQs2YxAKCgsnzWOBAAALjNQn36zTdp2ycZGw2XX3455aeaZ5/qTUw1hmwMfJztPtBwan1lyPrsidNt++vObkiUtVi8v0jShaNJsv2Pb7nYmoDncr+vO/BNkuisSrZa1IGQxOBjs2VdhWaLgyyEkNjpxxfDdfm26y1LKD/1mwKJZDs+aV3CmafDhYWFjlstSwgPvRDNj8x23G5ZgnDulURmYKp9p2UJxdH9dfOHxtqtdyCtfWPqdM1o7Yz152FOmJns6m89ucmyhExhYaT3vZYBK74+Eum+P7QMXGpHwtnutxsHLg4T6xZ5etWB5Mk10WLMuoTOdxJD3VV5Kyu/iZxtPxQ7116dTVrXoeXd2ERDzUKTdR0aj5TNJurm2ixLOFf3QShb0TBt3XlruGaAENI4ab0jbSR+qlC+0DxuYlNABaPRM5n4VMvwRZYlTFSk55OjrWlzOwbImYqMzzQPtpy22GQQQuZCk5MdJ+y84PNkbqL7aMtx66PqBZKfrh7ZunUrJQz/4Yk333xzy5Yt4XDYwr3Aa5w6dSoUCrW3t7utCOBANps9ePDgpZfaavKBdxgYGIjH442NjW4rAjgwOzt77NixTZusGw2lYbmnQTHN0prFAAAAAICgcsHwBAwFAAAAAOjh0SmXAAAAAPAayz4NAAAAAAAUlocnFOtGK4YqWPwiLftOKnTAKIl9XC9N+MfYx/VCJKpXUr26PAqXEddLU/OVxHtqmRVboKw+DSV4nsQc9MJeWcHAxdLkNRMHePCVRFFaxmuvJN5Tm6zMAqX5NIiVhfw/O4rdMiUhlC008bw6SolLEzgBXskgUcrS1CxKlC9fXC/Q0mCwuJNlU0XeWyIey0XBpHUFlGYAcL0Q0aHNEddLE/BlJRToBUaDujrgqKh30rxCcLE0seYHL7z2SloYuAUSHilNzVJDUVrAywXqHE6t04Bea9dxsTRLM7S2EsArGSRcL80+LU9zzZOABa8VaGmcAo33nrCAol/FiShAyUBpBgAUYpCwVproYPAsHAtU8bXGRT0Fphd3Qo0TJFCaAaCUhYgHxmkcymFYDG5RygI1FcAyjvQ0WOskUTiO4mn2CBZKEz4NXoPXK4mS9QI2S1MSoncSlBgnCtS5ojS9IiTFfoHd6jtQmgEAhRgkUJoBI3gFam54wqeJBJqgNAMACjFIoDQDRiALlM/eExhQCBIozQCAQgwSKM2A4esCxYZVAAAAAGACW2MDAAAAgAkYDQAAAABgAkYDAAAAAJj4/wuVl66UbVu+AAAAAElFTkSuQmCC"
                                height="200"
                width="700"
                margin="0 auto"/>
    
    
        <p style="width: 100%; text-align:center;">
      <a style="color:#0d0d0d;font-family:-apple-system, BlinkMacSystemFont, &#039;Segoe UI&#039;, Roboto, Oxygen-Sans, Cantarell, &#039;Helvetica Neue&#039;, sans-serif;; text-decoration:none; font-size: 9pt;" href="#reportTop">
          Back to top &#8593;
    </a></p>

    <hr style=" border: 0; margin-top: 50px;  height: 1px; background-image: linear-gradient(to right, rgba(231, 231, 231, 0), rgba(231, 231, 231, 1), rgba(2311, 2311, 231, 0));">

    <p style='font-size:15px;line-height:24px;margin:0 0 16px;color:&#x23;212121;font-family:-apple-system,&#x20;BlinkMacSystemFont,&#x20;&#x27;Segoe&#x20;UI&#x27;,&#x20;Roboto,&#x20;Oxygen-Sans,&#x20;Cantarell,&#x20;&#x27;Helvetica&#x20;Neue&#x27;,&#x20;sans-serif;text-align:center;font-size:13px; color:#666;padding-top:30px;margin-bottom:0;'>
        Powered by
        <a style="color:#439fe0;" rel="noreferrer" href="https://matomo.org/" title="Matomo Analytics">Matomo Analytics</a>
        <br />
        The leading open analytics platform that respects your privacy.
    </p>

        <p style='font-size:15px;line-height:24px;margin:0 0 16px;color:&#x23;212121;font-family:-apple-system,&#x20;BlinkMacSystemFont,&#x20;&#x27;Segoe&#x20;UI&#x27;,&#x20;Roboto,&#x20;Oxygen-Sans,&#x20;Cantarell,&#x20;&#x27;Helvetica&#x20;Neue&#x27;,&#x20;sans-serif;text-align:center;font-size:13px; color:#666;'>To unsubscribe from this report please follow this link: <a style="color:#439fe0;" href="__unsubscribeLink__">Unsubscribe</a>.</p>

</div>
</body>
</html>
