<?xml version="1.0" encoding="utf-8" ?>
<result>34</result>