<?xml version="1.0" encoding="utf-8" ?>
<result>
	<nb_visits>6</nb_visits>
	<nb_actions>9</nb_actions>
	<visits_evolution>200%</visits_evolution>
	<actions_evolution>200%</actions_evolution>
	<pageviews_evolution>200%</pageviews_evolution>
	<revenue_evolution>0%</revenue_evolution>
	<nb_pageviews>9</nb_pageviews>
	<revenue>0</revenue>
</result>