<html style="background-color:#edecec">

<head>
    <meta charset="utf-8">
    <meta name="robots" content="noindex,nofollow">
    <meta name="generator" content="Matomo Analytics">
</head>

<body style="color:#212121;font-family:-apple-system, BlinkMacSystemFont, 'Segoe UI', Roboto, Oxygen-Sans, Cantarell, 'Helvetica Neue', sans-serif; line-height: 24px; margin:0 auto; max-width:1000px; background-color:rgb(255, 255, 255);box-shadow: 0px 0px 5px 1px rgba(0,0,0,0.75);">

<a name="reportTop"></a>

<table style="width:100%; background-color: &#x23;3450A3; color: &#x23;fff; padding:10px 0; margin: 0 0 25px 0; height:64px;">
    <tr>
        <td>
            <a style="color:#212121;font-family:-apple-system, BlinkMacSystemFont, 'Segoe UI', Roboto, Oxygen-Sans, Cantarell, 'Helvetica Neue', sans-serif;; font-size:16px;padding:0 15px;padding-bottom: 8px;color: &#x23;fff;height: 22px;display: inline-block;vertical-align: inherit;" rel="noreferrer noopener" target="_blank" href="http://example.com/piwik/tests/PHPUnit/proxy/">
                                    <img src="http://example.com/piwik/tests/PHPUnit/proxy//plugins/Morpheus/images/logo-email.png" height="30px" width="auto" alt="Matomo,&#x20;free&#x2F;libre&#x20;analytics&#x20;platform" />
                            </a>
        </td>
        <td align="right">
                        <a style="color:#212121;font-family:-apple-system, BlinkMacSystemFont, 'Segoe UI', Roboto, Oxygen-Sans, Cantarell, 'Helvetica Neue', sans-serif;; font-size:16px; padding:0 15px; color: &#x23;fff" title="View Web Analytics reports for Site 1." target="_blank" href="http://example.com/piwik/tests/PHPUnit/proxy/index.php?module=CoreHome&action=redirectToCoreHomeIndex&idSite=1&period=day&date=today-date-removed-in-tests">
                Dashboard
            </a>
                    </td>
    </tr>
</table>

<div style="margin:0 20px 25px 20px;">

    <h2 style='color:#212121;font-family:-apple-system, BlinkMacSystemFont, &#039;Segoe UI&#039;, Roboto, Oxygen-Sans, Cantarell, &#039;Helvetica Neue&#039;, sans-serif; color:#37474f; line-height:30px; margin:25px 0 15px 0;'>
        Hello,
    </h2>

    <p style='font-size:15px;line-height:24px;margin:0 0 16px;color:#212121;font-family:-apple-system, BlinkMacSystemFont, &#039;Segoe UI&#039;, Roboto, Oxygen-Sans, Cantarell, &#039;Helvetica Neue&#039;, sans-serif;'>
                Please find below your day report for Site 1.
                <br />Mail Test report (previous default)
        <br />Date range: January 2010
        <br />Sent from http://example.com/piwik/tests/PHPUnit/proxy/.
    </p>

    
    
<h2 id="Actions_getPageTitles" style=" color:#0d0d0d;font-family:-apple-system, BlinkMacSystemFont, &#039;Segoe UI&#039;, Roboto, Oxygen-Sans, Cantarell, &#039;Helvetica Neue&#039;, sans-serif; font-size: 24pt; font-weight:normal; margin:45px 0 30px 0;">
    Page titles
</h2>

            <img alt=""
                                    src="data:image/png;base64,iVBORw0KGgoAAAANSUhEUgAAArwAAADICAIAAACF9KXqAAAACXBIWXMAAA7EAAAOxAGVKw4bAAAgAElEQVR4nO3dfXAc510H8OesO51k+STLlqyXsxRLsiNbThynVozdkDo0CUOCm6YUI7cFTMJgXtvSoRQGBnotMAOlkDDQAqZNSXkphtDQkMmUScrUEzIUYrdOmzRRGslUiiQrvvhyls66Vx1/rL3e7O7z7LPPPrv73Or7GY9nb7X7PL/n2bfnnmdvN1av18lVIyMj+vTU1BQBAAAAuCquT42MjBgbCqaPAAAAsMatCzsAAAAAaAxoNAAAAACXmOM9DXNzc8YVFhcXe3t7GSkWi8V169Y1NzdLjTMctVqtWCy2tbWFHYgchUKhpaWlqakp7EAkKJfLq6urLS0tYQcix9LSUiqVCjsKOXAGUBbOAMpS5AywcO8ThJC2P93dvn2Itsy1ngbtJgadsQHhSrlcrlarYuuqplarlcvlsKOQplwu12q1sKOQo1qtRmnTlEqlsEOQBmcAZeEMoCwVzgDVqzHUmMdvnPE3TTqdZny0qtfryWSyq6vLMWX1FQqF1dXV/v7+sAORo1gsdnd3R+NrUzabLZVKkdk0S0tLkSkLzgDKwhlAWSqcAc6f/Y42sfudhxiL4Z4GAACAtS730qs8i13raTANSfj6e8sXvnfBv8QlWikWc7nly7XGiNbR/MLyG4VEa8vlsAORIH8pXy5XcpejMHBOCJmZK1TWhbOb3bCjO5R8AUApl//kAiGE7JlnL/aW4Qk8mAEAAGDt6kyy/47hCQAAACCEkKaudvYCDdBoePePHFAkEQVzDL5c0kWgCOpDJQMAj+TWHvYCzr+eCJjx7PaVr34jxEi8ePePHLAGbzpxq1M622gDzpoWAzs2XyMPa3v5UaivfPUbIW5lAGgUHTsdnragVqPBdF5T8DTnMSQ1Sxd6i0GY35GHsr18ygXtBgCgubRwXpvYtOt69pIKDU9Yz2jRPsFpJ/GwowBe2F4AEFVvvPCyNtGyweExHqr0NDh+B6INW+jzTavT5lvzsi5pDUaboy3JSJmzLI7L69npmRpjs+buWDm2KegzrdmxkyIy2nOuaska2xf/+T9MiVgjpFWsaXmxsritKFe7GedattOMAT50NgCAreVXZziXVKXRwEYbtnA8gTLWdVzSKvhzLk+0PJWjffzLLzx29L7bOWuDnZS8IvKyxvC5v3+C8Vf+1AS2qduKEstOYC31B/gAQEHlzxcJIfVbFh2XVGh4goHnFjljT4BpPm0VWgrB4Dmhs6O1LkNblyd92iqKXHgk3g4ptt2Na7mqKFp2pnzd7pzW3hcrFTYcADSKdZvWOy4joafhxz7yGP/CX37wPd5z1Lm6xgdz8XO821+fDiYY05x/+revm8Y71ibOPYexvdzue/wLs9diD7tYx7MAADjFezudlwkgDqNMJpPJZGSl5urMqMKAbrhDG8YY1vilhbPgnLetOLYJGL1BWlIf/Lkj1mXEtg62LwCIaRve6riMhEbDlx98TyaTGRq68vrtXC4Xj8dprwY/d84+kWCu6Cq0G4LBc38Gz2JgpUKlWbsWTLB9AcCtrj1jjsvIuachk8kcu+rIkSNHjx49RsHoZrAdtWVkSlveOlRMW4s9qMwZhmlJ7+doWnbscnGmefS+293Gw87X1Uf+XPTVOe/M4KkZ2nZ3FSd/spzZaX/987/5F1OyjLUYfRKh3KMKAA3twndf0SY6BgLpaZDIdKLkuU/QdnlTy8B2LesXNdvVrcswUhbDyI6xpGNHgm2a+j0NPInQ8pVyZbL2+lhT5q9h2wg5t6OrjPiT9Z6dwFrsVdDxAABWF194iX/hWL1el5v93NxcMpns6upiLNNQr8bO9ff1cS6v+El5fmGhs7OztaXFYzqyiuklHe3V2N2U3UyRDcEfxszs7ODAQCjxSH81Ns8ZoFEUCoXFxcXh4eGwA5Fjenq6p6enrc3h6T0NIZvNlkqldDoddiByTE5Ojo6OhpX7mfEThJD6jfPjX8g4LtwYP7lsCIpcqPzAM4gjQFanhTp8qigpVIsHAJQS2+jwUmyNWsMTDS3CZ2Q/BmWMKUem6vyrKI+iVMkA4Id1XfY/XzAJp9EgvUfUJ4VCYXGxMjzcGNE6Wt+01NOzSaxzcmpqSno8XlLOZmOlUimdtt80/kXrSCzrxOrFUT8PihArBAAaQnJgC89iGJ4AAABY61Lbr+NZLJyehuprp0LJ1636SjGRy1WbZ8MORI5EdqFe66y2er0RUgWxfL6pXKnWo3C3HSGk+Y3Z6mvnw45CjqYL2VhzolrsCDsQCUxngPjWQ+HGAyDdypuXtImusV08y6OnAQAAYI16/Vvf1iZaN7bzLI9GAwAAwBq1PMX7UmwNGg3XjB56IOwQzAILyb+MAiiCghvOJ2unpCFCJcOaUvyrZUJIfR/v8CgaDYIYZxZZJ53RQw9MnnpYSlIRpn4tydpV9JLS1mKn5uu1cPTQA/q/W3/8Y/5lZM1XepqTpx5GuwHWmlhnK+eSaDQIYlyo9D9JbD1ISUdN0S4d4dtV7vypj7MT8d428rtpNXnqYe3fs49+av+9H/E1L2OmPiUb+d0SwCje4/xSbA0aDQAg2f8+/iAuugANpHW4n3NJhZ4IaTzLGL9A6PNN3yps51tnal/RHBOnuf19v23NV0vQ2lesz9FzNMXDDs8UmHEV2/iN3z5N09aSWvH0chtLZK0EWmA8OdqWTriWaOlbA+DZGXhq2Jo+rZbEdhV2ygy0MtruIfoCjE3Mjo0zJFMwtDBo2TnWreNattOMHUZL/PmvftZdUQEaU9durt9bEnUaDdazv+2ZzvEUwHOKt12eCPWT01ImdidiV1cgHe3MyBMSI2Va2Rkx8yTidmFZtcQfjNs9TRZXu4p/edl+5E9NIE63R59YdgJrudp7ASIpN/V/2kQqzfteRkWHJ2xPK8bvZKb5jIUJ80unYyRf/9IfGM+qjhd42p/chufI+oWSnQtjMSPb+aZ0aKuzCyJwHndVS5zVyLMz0CqWfX3lrCVX0Yrh3w8dce5RJvvv/YixScQfBi07dt3K2nzsQgFET/Y7L2sTCe6H/knoaVj6s7dkpj0eYomycOrDRdv5k3adz0To23+QaGF7xL6os3uSpeTOuaTb4vOkzJ/7rT/+MYl7i+26Emvbp10lAJy1alzsfx9/UCAFgYXZa7E3X+NuEQBZLv3+DCGkPvYa/ypBD09kMplMJmP7J73DgBgOYxWOZ/3UY3u1sA27cdE6jWmVwF98zl5x4Tr0ONgkZdtFcldx24WTvZA1zne7XRyby4y6datBtwiAXLH2BP/CEhoNqQ8XM5nM0NCQ9jGXy8Xj8VSK8pLN3Dl2arZjDeoLOGzrtyW5ybrlWHy/a8bX9OXWdoPu4WJUKKbj5ltTWwTAKtbN9VJsjZx7GjKZzLGrjhw5cvTo0WMUtG4GRu+idTHrAKftTMchdmsi7IWtCQr05DuGxxM5bQ7/zQc8ZTfNt1aC8BWU0c1gu8Wt9t/7kWcf/ZTb9GkY+br9Uut9V3Fke/HjvOa53fT8W4QHLVnO7BjdDAKbT/GhT4DANKe7+RdW5dcTpsOedhW0nc+eyZmp2JdIWni26bsNj5aOlIVty24tDk9byviRf0nbmjfVEjtNzvQ5ieUrK/2n/+4T7OucdVTI2qQTiIRn03upGf7t7jE7gbXYq2gVXlyxvwcLIEpSO4b4F47V63W52c/NzSWTya4u1juLG+XV2MWVYi6X6+vn/S2KFP51ky7ML3R2drZ4eDW2Ol24o4ceePbRT3V1R+TV2LMzswODA4wF/Kt56SlnL2QTzYmODnevxlZn19LojQbjGaDRX409PT3d09PT1tYWdiASZLPZUqmUTqfDDkSOycnJ0dHRgDOtVqrPH3yYEDL29FHOV1wSZX9yuWapduo0Uie20UMPmO7Pjzy5N6+owNVgYsBUiwfAD+dPf0ub4G8xEHWGJ0CDUxWPyVMP5/P5sKMIGm1Ev0EJj9b5LUqVDMCQf2lKYK1wGg2N0ssXKxQqTYvxrcNhByJHpTwd6+mJi3ZOTk2J7GE+qbdka6VSPCqdk+XCZHyrc+ekH5tAepq12Fw8mYwzByh9yloKY1QROwMAGBU/e4kQQvbMuVoLwxMAAABr1UZ3d7mF09OwdHo+lHzdWikWK7mLSxfF7xxUSmXhYmGerLZEoTjFfL5cqSwtxMIORI7q7JtLS41xUDgqZd+oJxJLHeWwA5FA8TNAapz3zYQANE29G10tj54GAACANWr9kLtBXjQaAAAA1qiOndtdLY9GwzV7J24LOwSzwELyL6MAiqDIhlMkjCCtwSIHD5UMfri0cF6b2LTd3X2+aDQIYhzJsg7yvRO3nT35jJSkIgy1xMOPC49e87TE2Zn6ei3cO3Gb8Z9/GVnzlZ7m2ZPPoN0A0r3+3Fltgv+l2Bo0GgQxLlT6nyS2HqSko6Zol04R0ttV3ttqfjf1zp58Rv8X2D7mU6HQbgDp8p+cIYSQERcvxdag0QAAEYeLLoCt+sYmt6so9ERI41FtbLDr802teNv51pnaVyLHxGnu+dUJa75agta+WX2OnqMpHnZ4psCMq9jGb/y2Z5q2ltSKp1fZWCJrJdAC48nRtnTCtcSIJNz9x7Q6LQZ2svxblral2LsHY0eyzchVNwOtAmnbjly9xtN2OdsiuOK92n2qZ8bRZFsnAB7FNrt+1p8qjQbT8WA8ilwdcjznPtvliVA/OS1lYneQuz0126bDeZVyTJlWdkbMPIm4XVhWLam8//AkOzM765gsf20wSEnES6Y8H/lTEyiC261p/NrAn51AkK6OJgApEltdv/NP0eEJ28P4rOHru2k+Y2FC+TrCeUw++dBJ41nM8QJP+5Pb8BxZv8Cxc2EsZmQ735QObXV2QQTOm8K1pM7+Y1pdOFnOLcveUo6J2O5U3vEfF44464GxlqtqP3jsricfOmnNLoB6RosBArBhZNDtKhJ6Gs6Mn7DO/D5l4X2nj9vOP2vX+UyEvv0HiRa2R+yLuvWvcr+U8Ne52+Jznt85c7/rl99j6texRqL4/uMqPCllYTQ1fN2pJOKsB+NiXvaKe351gn9hdhbsevbpZAJgVa1UtYnum250u27QwxOZTCaTydj+Sf/CRwyHjQrHj36o255GbcNuXLROWlol8BefsxdauA6V3X9oTMMT9370/ezl+Ts2HHfXhibQwWPkdjTkyYdO9vfZPK3Zj3qO2MkElPX6t1/QJlo3d7pdV0KjYd/p45lMZmhoSPuYy+Xi8XgqlbJf+pxDarZ9xeoLOGzrtxO5ybrlWPzAaqZR9h8FI/Rpp1KKCtXuWM+Nsg9D43rzu9/TJuIJ120AOfc0ZDKZY1cdOXLk6NGjxyho3Qw8A7TE0AY3DSjaznQcYrcmwl7YmqBAT75jeDyR0+Zw5sJZdtN8ayUIX1oY3Qy2W9zq0PHDT33mMfZi6uw/jsnq3Qy0ZPlrhtB3V0YiXr4r2178OK95bndFV/XgiJasPv3fjzxlGp4wjXpIrOeoNtRAQSt/liOEkNFZgXVV+fWE6TCjXQVt57NncmYq9u2KFp5t+m7Do6UjZWHbsluLw9OWMn7kX9K25s9aHsXjqk/eupYK+w9PYI9/+h9t2w2MLIT7hGQlYlzXWnyxNgfPruilCPz7oT5tuhXa4w4pvAo6HkC6+qakwFqxer0uN465ublkMtnVxfohRwO9GjuXu2g7oukf/84O8wvznZ2bWj28GludM9feidue+sxj3czdTAWcNTYzOzs4MOAlhYAxorqQzTYnEh0dHdJTDpIWRihnAEY8ppluX409PT3d09PT1ub6p/kKymazpVIpnXb3hkZlTU5Ojo6OBpad9vOF2LuLb/udD7ldV9GfXK5ZipwxbakT296J206deCLsKPziapQkLNG770HlalctHoiGlm19AmupMjwBGpwaeJw9+Uw+nw87Cr8ID2MFjDai36CUrfYoVTKoQP+95caxHQKrh9NocNurFpZ1hcLyIkkNN0a0jhLTxTYPnZNTU1Ny4/GilG2OlUqptOqbhrPS4qml1Oi1sihV1Qy2cV6aqyeTyZToyFGIZbdmrcIZoFF2BmgUK2/ktIkte24QWB3DEwAAAGvFhee/o00I/N6ShNXTMH96KZR83SoWVy7mKi0XGyNaRxcXKmS+0NKyGnYgEuTzxUqlHFsIc9P0j1MeRgIAoKrcb79KCCFp1y/F1qCnAQAAYG2ptwuuiEYDAADA2hLrahVbUa1Gw20Te7V/YQfSGFBRAUAlA0D0xAe7xVZUqNFw28TeZ06e1f5F7EztR3G06mIkzs7U1xrWG38BNwH9yCt6eyMAQNvIVrEVFWo0GGmXQ07qn9NdFYeH3mIQJj0ka/rBNwF9KhTaDQAQDZWVojax5RbBc5qijQaIElx0AQBUcPHVaW2iva9XLAVVngipXVS0/7VrjPF/cvVLpPHaY5yjzzd91zSmYPtXU2rW+cY/0dIxZWcbACMR019tp9m5MJhqgBjqzRqSvgCtILQiuOK92m+b2PvEiVPW8DzWMy0wQqkTAIDGkn/5VY8pqNJooJ2UGRdR/R4I9tmc85JsvHLo84vFlbuOHXRcl5+URIQznV+Y39TZSSu4/pEzNeu6roIxfaSFIZadwFrsagEAiIClPzpPCCEjgg9pIOoPTzBO3JzndONijF4HDeeXe1p/u2k++zpkTcTaKyAFZ4uKB2c9MNaSUu3PnDx7+Pgh2mJS6hktBgCIrE7x/gIJPQ0nxs/Yzf6+7cLHT+8Tzsg0VOGdq8uzlGs5o6nBGA5QCmc9MLr6A6h2gXqWvncBAKgp1iP6aKfghycymUwmkxFe3Tj27PHk7rZbnr9jwzq+7jYRlQl08BjJqvYnTpw6fPyQ3HqWuHcBACgreZ3gXZBESqPh+Ol9mUxmaGhI+5jL5eLxeCpFeSz/Oe8Z2tzK55aC3+OtX3mjR4Vqd6xn73sXAIDKOnaNCK8rp6fB2HkwNzeXTCa7RF+My+D9PM4YO9cmTN9c9bsgrd9oGcEwvv7SErFewPhL6mV0g/aLAxNa/fBn5CpZzuwe+8xTEusZrQQAiLaVNy9pE73jNwsnosqvJ3iYzvjGe+sYtzc6rmJNQZ9+6pH/NrUbrElJKYJAIux7/dy2OUzTnPXjtgicyXrPTmAt9ipoUgBAo3v9+Re0CbGXYmti9XpdUjxX8PQ0BPZqbI/neu0nlwpeLcTKpf3ksqWF9Z4SRa6OjmHk8/lKpdzVJfj4dCnxSHw19uTk5OjoqKzUwuVfX2PwCoXC4uLi8PBw2IHIMT093dPT09bWFnYgEmSz2VKplE6nww5EjmDOAGfGTxBCYgOvve2xTwonovpPLoNn/Lp517GDJx96MsRgaKJ33wPjp6qhUy0eAABh9faYl9UbaXgiGKbhiYu5XLjx0NDunGhQ7DGmEEWpkgEASFeLl7XtGw0jIyNTU1Ne0mWT2K/LJlYKfa1CoUAWl/uHA4rWLbelK04nenra2J2Tvm53NldZN2dLpVKsP+37pgmxQgAApGvq2+xldZvhiZER8R9jAAAAgLLatg96Wd3c06D1Mfjdbvi/86d9TV+WlZVi7s3cuvMXww5EjvNvLpRi862tnvqmFJHP58vlSqVpIexA5FjMzybPB3F38Lbe8QByAQDV6C/F7rpxp5d03tLT4PeoBAAAAARvae7KV6zOkW1e0rnW00BrMeTzeePH5eXl9nbWY6vL5XK9Xl9aYn1tunz5sss4w1Eul2u1WqNE66hWq5VKxXp9NexAJCiXy9VqNUqbJpiysA9MKXjOAI2iWCxWq9VolIUQoh0yq6tROAMUi8VKpRKlTeN3Wea/+bw24TGja89psA5JaG2Il156yTjz3Llz7MGLUqm0bt26RCLBWGYx/12RYANXq9VqtVpzc3PYgYi4/30f/cKXPm2cUy6Xm5qampqajMtoE6YlJWbqdgFOtVp1dbXO3s0aSKlUTCalDRsxKrmnY0xWLjQ8Z4BGUa1Wq9VqS0sURvQIIcViMR6Px+NR+NFcpVJZXV1NJpNhByLH5cuX169f72sWyx84RQhZHZlp/+RPeUnn2t5j7GYw9jrs2rXLuILpoxXPo12sw7d33Dph/Pi1Z0+yc/HojlsnbLMwzV9ZKeZyuf7+Pl+D8c/g4IDx4/z8Qmdnp35Pg7GwtArxnqmRngtn/TP+qt3T0N0t7QlCAe+Bxny/9uzJmZlZRr259bVnT9Jqcluv7w+QwcOdlIWHOykrgIc7nSGnCCHrNic9ZqRQk9N4jpN4DaMJIAvp/Is5gKrwHrzfQQa8B1ozlZtsI+7hAOCrWLfXn6kr+kRI7ZTX6FlA48LuAQDRkxzY4jEF+54G1X5DYTx9m74OGhczdrZbF7ZifxuzzVRb3pS+bXaOMZiSclxdm8NOlnad0+c/8fQj1tT0enAbEjtT0zL833ppYRgT+bF7jhtXsd2UpvEX2+D5QzIFY51PmHsgLTx2kLQhJONAj21gBJ0NAGCxYcTTQxqIUsMTNKYTH21cXD97Shmq11bU72lgnLuJ3SmeMwaeounTjtcAxwqZn184fOcxdmquQmJk6hEtDP3jl588od/T4Jipx10imD1QYC12LQEAaPSXYm+5eY/HpBQdnjCe/lzdMWea79jJTFuAcfK1fp8TjkFKEWzXos1/4ulHHCuEP6RQ7rFwm6n3+pSyB5ryNS12//s+yg7S2vtihRYDANjKfvfKryBbN7KemMBDQk/DJx5x8Yy5jx+jPguS0dHq6vur2y+7jO/crtKRta50UoJRqkRucQYf1h7IWIs97GJskQjkCABrxOsfel5WUkEPT2QymUwmY/sn/j58dhYCJ1Drqdk6POE2Qbcx+EcPxvSTS7FEGhFn8H7vgaZ7R8SCtF0LTQcAcLZn3nsaEhoNHz92OpPJDA0NaR9zuVw8Hk+l7H/XcY6cc5V4KMO0GBsGnQo7g7VrwcT2HgsAgLfolPCYMjn3NGQymWNXHTly5OjRo8coaN0MnIy3l5tGiG3nE+6+YsaAsdh4h3AK7MFv/rWkBMNOhJapQILEc0mtqdHykjLwJFbhtG6GL3zp07S1GH0SDT1mBAABa+rd6D0R1X89YToFGz/yTBM3fba0e9Y4b51jhy28Ou3+ONtridwKoSVuTISRkXV19r1+AluK8G01LzUQ2B4osBZ7FXQ8AIBR63USnm587d0TsvA8RNaPV2P7cYps9MdIm3i5p8E7uRvI+BhpRa6OXsKQ+xhpRjwBvBobj5FWFh4jrSy/HyN9ZvwEIWTwi7d3j13vMSlFf3LJQ6APH0Ik0GGjOJX3QNXiAYCw5Gdf0ya8txiI+sMTDOy+elAQbUS/QSm7B0apkgHAo1ff86TE1MJpNMjqI/X7cdeFQiFZX9zWG5HOydXL0z1bQu6clLXJsvFsqVRK96YlpilAVtalfEri+ydVeww8AIRv52tSkmng4QkAAADg0p6QkgwaDQAAABEX694gJR00GgAAACIu0btZSjpoNAAAAETchu1eX4qtQaMBAAAgmorLBW1i8w07pSSIRgMAAEA0XXzpFW2iva9XSoJoNAAAAETTwi8+JzdBNBoAAAAi7SYJL8XWoNEAAAAQaTJeiq1BowEAACDKmno6ZSWFRgMAAECUJbdukZUUGg0AAABR1rlru6yk0GgAAACIoEsL57WJzaM7ZKWJRgMAAEAEfe9dj2sTiVbcCAkAAACOJL0UW4NGAwAAQGTVJb0UW4NGAwAAQGTFNq2XmBoaDQAAAJGV6NskMTU0GgAAACJrw/ZtElNDowEAACBqKitFbWLzmLTfWxI0GgAAAKLn4qvT2kTHwFaJyaLRAAAAEDWv3f9ffiSLRgMAAEA01eW9FFuDRgMAAEA0xTZKexakBo0GAACAaGravEFugmg0AAAARFNysFdugmg0AAAARFNqx3X8C58YP1NaqrKXQaMBAAAgUpZfv6BNbB4d5VzlxPgZQsgjP/R8ZaXGWAyNBgAAgEiZvOcxbaJ1Y7urFXcc3hRPshoGaDQAAABE0SjvS7G1bgZCyM3398XWxRhLotEAAAAQRe1xV4vvfaB343UOP9FEowEAACCKNrXxLKV3M+y6r8txYTQaAAAAIijRu9FxmVplVZu45Zf7U/1Jx+XRaAAAAIigtm3Or6r6/MFvaRM7OboZCBoNAAAAkdS563r2Ano3ww98KN3ameBJE40GAACA6Mi+8qo20X7dAHtJvZvhpp/mfXAkGg0AAADR8f33/6c2EU9w/Xri9oyLp0ai0QAAABA5N8yx/67/aGLHPZv5U0WjAQAAIHI2NvMsddcfD7Of5mSCRgMAAEDUrNucYvxV72YYeHuHu2TFIwIAAAAlNae7aX8q5q+8yvLuv9jOftOEFRoNAAAAUdO+Y4j2py/e8bw20b+P1RthC40GAACAiCguF7SJrhvHbBfQBybu/fxoU8J1GwCNBgAAgIh48fZ/0CbYL8Xefvem3ps2CKSPRgMAAEC0bLd/KbbezbDnJ3vEEkajAQAAIFLqqSbGX3dPdHeNrhdLGY0GAACASIl1tlpn6t0MY++l/rDCERoNAAAAkWJ9KfZqta5N7L2/p3PYpknBCY0GAACASGkZSpvmfO7AN7WJ3T+xxXaV/PLCJx4Z/+b3/o2dMhoNAAAAkbJ5bNR2/t6f6Wnrtnm89KXC4kP/+q7hvv1fO/MZdspoNAAAAETBm+dmtIn2wa3G+frdDLf8krkHghCSX1548NEfHd36jtpq5cPv/Qo7C673ZgIAAIDipo58VZtItLZY/3rw17Za3011/uLkX//7B0b6DyYTbYff/lvNCYdfVaDRAAAAECE73/KQBr2bYed9XaYFFy++8tf//oGRvgPJxIa7D3yspdn5qdJoNAAAAERHvT1hnfmO370u0fqWhzd8//w3//Y/jg/17U+1dR8+8FtNTTZrWaHRAAAAEB2xrmvPh9a7GYbf2bNI8koAAAYYSURBVKnPrNdXP/nF/YSQ7em3d25Iv/Ntv8TZYiBoNAAAAERJcuuVZzfpLYY7/nCoecO1bgatxTC4ZW9P5447933QVeJoNAAAAERH2/Ztxo9bD6QGb+3QP37ikXFCyFDv+NbuPe+46WfdJo5GAwAAQHT0vm0PMT40+sgW/W4GrcWQ3nzDzsEf2r9rQiBxPKcBAACg4Z0ZP6FNGF+KPfiD7dsOXXmktNZi2Ny+bWzbHWItBoKeBgAAgOgYnCWGboabjvUSQmq1yu///UFCyPb+g3u3v2v30A8LJ49GAwAAQFRsuPb4pusPb+67OUUI0VoMLc3tN++4b2zbHV6SR6MBAAAgKja16N0Muye6S+XlP/zS7YSQHelb9++aGOk/4DF5NBoAAAAiItZ75XkMu3+iu2tnq/bryu6O4YO7PzDUt997+mg0AAAARMTpR6+0DK6fWK+1GLZ233j3/l/v7xqTkj4aDQAAAI2tWqkaPy588Oc/+3VCCBlJv/2de39BVouBmBoNIyMj+vTU1JSsPAAAAMA/yxeyhJAzZB8hZOGDP6/N3LghffjAb27c0C8xo2uNhpGREWNDwfQRAAAA1DR17+PahN5iGLvuzjv3/YrcFgPB8AQAAEAEnCH79BbDQPdNd41/SHqLgaDRAAAAEAF6i2HnwO3vPfQH8aakH7nIbzR87ul3S08zZM+EHQCsBd8IOwCgwRkAAuDxDHD1XZU7eg7dc+A3fGoxEJ5Gw3PPPWf8+PLLL4+NSbsPEwAAAKToPL9r9Ib3v/LSDCEzPmXh3Gi45ZZbGB+t/ufk/tq66vr6Bi9hnd8y2X4h3VJv85TIwLe3vOapfVOI54sdue4L270kkm87X2uqdi0NeEnkQue55kKqo9zlJRFZtdo1szMWE3/V2eUEatWSCGr1rVCrJqhVkyjVarVWvbDtxS2znq5WtVi13lKd+Nnf6x7o85KOI/nDE3f/4q+vX7++p6dHesrBW1pampmZ2b17d9iByPHiiy8ODg6mUqmwA5FgcXHx8uXLQ0NDYQcix3PPPXfLrzg0xxvFuXPncAZQE84AymqgM8C1RsPU1BSe0wAAAAA0b+lpQEMBAAAAaMTHpQAAAGBNidXr9bBjAAAAgAZAfYy0MNsbIzhnGueYFnaVu6znYYdbFldxqj+0ZLtpiGi1eNk0tJliYYR+1NBmus1dhaOGNtMPOGqkzBQLA0eNbWo8EYZ71BBCSL1er9frw8PD+v9emFKwTZYxk50aZwA8KXMmZf0YZFnqV4uj4wzVMSlZMwXKwp7Dn5T1o9ztxR9G6EeN9+Koc9RICQNHDS0p60ccNbapcQYQpaOGH/Unl7T3V5m+QJsaNRLbOMKtNu1nINZ1bTsDjC01BcsiKwzbrelxpkAYxqT0lPU09WVIgJtGrtCPGmEKHjVe4KhRdtNY4ahRoSz83D2nwbp1Zcfjlyi9w5PWE2U6gxipX1jGEdXocNSoAEdNY8FRo6w4MZSK1m4S43GAx0sYnAXRF3NcOMSysFMzfQXxI8dQ+LpppmQ8kkSdo0ZKcYgaR42ssrAjwVETVmHVOWpkUeGoCZgvb7n0cquOLLJ2ytDLwnkO5Y8w3FO5npQpEYFvEsKbRs2vAioUJ/SjRlZZVDhqJFLhqDGdBBShQnFCP2oC3jRXGg0Ss/RefYqcxIkaZWEPmLkNxjZBnhV9vcqavvAJhBQKpY4adahQFhWOGr9P5cEfNVLGC9Q5apQa/migssStsdrOsa5Jmxn6+ULHc9AyGolKlcXIY3d66DjDUHnT4KhRdtPQhHLUSDyVK3XUiCWl7FEj5audIkdNAAcgdXjCWAvGzjHrTBPTzKmpKdvObVqPt09lFutgV7Mspgh5slD2VK4R+E7mZdNIHG0xCeWoCaY4/CmrWRZThAEfNX4cgAEfNcbV5ZYlxGuNaY4UYV1rXGXnhacnQip+KYoA2xq27jTWHY6xCm1F6/7nONNvkdzBIlkopSh41AS5xSO5g0WyUA3KdaMhlIsHrEFROk3gqIFg4KgBv+HdEwAAAMAFb7kEAAAALmg0AAAAABc0GgAAAIALGg0AAADA5f8BfXh97Jw4x4EAAAAASUVORK5CYII="
                                height="200"
                width="700"
                margin="0 auto"/>
    
    
        <p style="width: 100%; text-align:center;">
      <a style="color:#0d0d0d;font-family:-apple-system, BlinkMacSystemFont, &#039;Segoe UI&#039;, Roboto, Oxygen-Sans, Cantarell, &#039;Helvetica Neue&#039;, sans-serif;; text-decoration:none; font-size: 9pt;" href="#reportTop">
          Back to top &#8593;
    </a></p>

    <hr style=" border: 0; margin-top: 50px;  height: 1px; background-image: linear-gradient(to right, rgba(231, 231, 231, 0), rgba(231, 231, 231, 1), rgba(2311, 2311, 231, 0));">

    <p style='font-size:15px;line-height:24px;margin:0 0 16px;color:&#x23;212121;font-family:-apple-system,&#x20;BlinkMacSystemFont,&#x20;&#x27;Segoe&#x20;UI&#x27;,&#x20;Roboto,&#x20;Oxygen-Sans,&#x20;Cantarell,&#x20;&#x27;Helvetica&#x20;Neue&#x27;,&#x20;sans-serif;text-align:center;font-size:13px; color:#666;padding-top:30px;margin-bottom:0;'>
        Powered by
        <a style="color:#439fe0;" rel="noreferrer" href="https://matomo.org/" title="Matomo Analytics">Matomo Analytics</a>
        <br />
        The leading open analytics platform that respects your privacy.
    </p>

        <p style='font-size:15px;line-height:24px;margin:0 0 16px;color:&#x23;212121;font-family:-apple-system,&#x20;BlinkMacSystemFont,&#x20;&#x27;Segoe&#x20;UI&#x27;,&#x20;Roboto,&#x20;Oxygen-Sans,&#x20;Cantarell,&#x20;&#x27;Helvetica&#x20;Neue&#x27;,&#x20;sans-serif;text-align:center;font-size:13px; color:#666;'>To unsubscribe from this report please follow this link: <a style="color:#439fe0;" href="__unsubscribeLink__">Unsubscribe</a>.</p>

</div>
</body>
</html>
