<html style="background-color:#edecec">

<head>
    <meta charset="utf-8">
    <meta name="robots" content="noindex,nofollow">
    <meta name="generator" content="Matomo Analytics">
</head>

<body style="color:#212121;font-family:-apple-system, BlinkMacSystemFont, 'Segoe UI', Roboto, Oxygen-Sans, Cantarell, 'Helvetica Neue', sans-serif; line-height: 24px; margin:0 auto; max-width:1000px; background-color:rgb(255, 255, 255);box-shadow: 0px 0px 5px 1px rgba(0,0,0,0.75);">

<a name="reportTop"></a>

<table style="width:100%; background-color: &#x23;3450A3; color: &#x23;fff; padding:10px 0; margin: 0 0 25px 0; height:64px;">
    <tr>
        <td>
            <a style="color:#212121;font-family:-apple-system, BlinkMacSystemFont, 'Segoe UI', Roboto, Oxygen-Sans, Cantarell, 'Helvetica Neue', sans-serif;; font-size:16px;padding:0 15px;padding-bottom: 8px;color: &#x23;fff;height: 22px;display: inline-block;vertical-align: inherit;" rel="noreferrer noopener" target="_blank" href="http://example.com/piwik/tests/PHPUnit/proxy/">
                                    <img src="http://example.com/piwik/tests/PHPUnit/proxy//plugins/Morpheus/images/logo-email.png" height="30px" width="auto" alt="Matomo,&#x20;free&#x2F;libre&#x20;analytics&#x20;platform" />
                            </a>
        </td>
        <td align="right">
                        <a style="color:#212121;font-family:-apple-system, BlinkMacSystemFont, 'Segoe UI', Roboto, Oxygen-Sans, Cantarell, 'Helvetica Neue', sans-serif;; font-size:16px; padding:0 15px; color: &#x23;fff" title="View Web Analytics reports for Site 1." target="_blank" href="http://example.com/piwik/tests/PHPUnit/proxy/index.php?module=CoreHome&action=redirectToCoreHomeIndex&idSite=1&period=day&date=today-date-removed-in-tests">
                Dashboard
            </a>
                    </td>
    </tr>
</table>

<div style="margin:0 20px 25px 20px;">

    <h2 style='color:#212121;font-family:-apple-system, BlinkMacSystemFont, &#039;Segoe UI&#039;, Roboto, Oxygen-Sans, Cantarell, &#039;Helvetica Neue&#039;, sans-serif; color:#37474f; line-height:30px; margin:25px 0 15px 0;'>
        Hello,
    </h2>

    <p style='font-size:15px;line-height:24px;margin:0 0 16px;color:#212121;font-family:-apple-system, BlinkMacSystemFont, &#039;Segoe UI&#039;, Roboto, Oxygen-Sans, Cantarell, &#039;Helvetica Neue&#039;, sans-serif;'>
                Please find below your day report for Site 1.
                <br />Mail Test report (previous10)
        <br />Date range: January 2010
        <br />Sent from http://example.com/piwik/tests/PHPUnit/proxy/.
    </p>

    
    
<h2 id="Actions_getPageTitles" style=" color:#0d0d0d;font-family:-apple-system, BlinkMacSystemFont, &#039;Segoe UI&#039;, Roboto, Oxygen-Sans, Cantarell, &#039;Helvetica Neue&#039;, sans-serif; font-size: 24pt; font-weight:normal; margin:45px 0 30px 0;">
    Page titles
</h2>

            <img alt=""
                                    src="data:image/png;base64,iVBORw0KGgoAAAANSUhEUgAAArwAAADICAIAAACF9KXqAAAACXBIWXMAAA7EAAAOxAGVKw4bAAAgAElEQVR4nO3de3Acx50f8NkFFrt4LIAFFlhg8SCwIMS3RFF8UxRpUbQl62XKlihKVnh+yfHJurMvjq+u7g+vk7pLpaKUlaR8qdKl5JIVy8dzyva5FMdVPldZUbnsRJJP8p1jIzmIPpIACHNFCAYW2Bd288dAg+E8enpmeqZ7Bt9PqVTLwUz3r3tmZ3q6e2YjjUZDes/ExITyeXp6WgIAAAB4T7PyaWJiQt1Q0PwTAAAANrko7wAAAAAgGNBoAAAAACoRyzkNMzMz6g3m5+cHBga8DqtYLCYSiaamJq8z8kGlUqnX64lEgncgbCwtLSWTSd5RsFEqlaLRaEtLC+9AGFhbWyuVSu3t7bwDYQNnAGEtLS11dHREIhHegTAQpjPA3AMvS5LU8R9vSY6NeJrRRk+DPIlBoW5A+K9SqaytrXEMgKFarVapVHhHwUy5XOYdAjOVSqVWq/GOgo21tbUwHWY4AwirXC6rbzUDLTRngMrSsvxh+Vf/6HVezZZrDA0NEf7pkVKp1NfXF47bpkKhUC6Xs9ks70DYWFpaCk1ZGo1GPB5Pp9O8A2GgWCzW6/XQ7BqcAYQlnwGi0TAMbYfmDPDG/uckSZJGLt/82J/GWr3t0wrDjgcAANjkyjuTXrcYJHVPg2ZIwtPnLf/h/10jrzA7t/xOMdaaWPEuBt8s/m6xUqkurIRh2EySpEszxWrUYvcFxbXC71paYlcXwtDXuloqLSwsr6zZ3jW7J/u8iAcA/LHezRAt9z72QR+yu2F4Ai9mAAAACJz6rkKstc2HjDA8AQAAEEjLv13vXEw+eNCfHAPQaHjw7sOCJCJgjv6Xi7kQFEF8qGSAUJr64HckSYpkZ0ZOn/QnR+unJ3ymPrv9zQ9+xjESNx68+7A+eM2JW5zSGUbrc9ZmMZBj8zRyXvvLi0L9zQ9+xnEvA4CnIgd6fctLrEaDcl6bnZtLpVICnuZchqTeVpzScW8xOOZ15Fz2l0e5oN0AEDLrUyAHr4x/9JO+ZSrQ8IT+jBbuE5x8EucdBdDC/gIAEWWausdHfctNlJ4Gy3sgs2ELZblmc7Pl+rz0a+qDkZfIaxJSpiyL5fpKdkqm6tj0uVtWjmEKykJ9duSkJBbtOVu1ZBabOhF9hGYVq1nfWVnsVpStw4xyK/XnRz908j9/7TuEwCR0NgCEiDIFsuuBQ37mK0qjgUx/mTe8Zlh+Jv/T8nzq/zmXJlqaypGMLkjk9M2SunT58tOfephpKanYjZwmtWuFQktLzME+pa9z/fr02TnYilwtABAa8hRIaezK2D0f9zNfgYYnCGimyKl7AjTLzTYxS8EfNCd0crT6dcy2pUnfbBNBLjwMp0M62+/qrWxVlFl2mnztHpz63hc9EXYcAHgnuqe3OebrzT+DzB76/HfoV/72V864z1Fh6xrvz8XPcra/8tmfYDRL9OMdmxPlkUPYX3aPPfqVyVuZDbv81Xd/vLCwgP0LsBmsT4HsnRv76Hmfs/Z7eCKfz+fzeVap2TozijCgy3doQx3DJr+0yAWXhye6OrvIq+nZHQ0h9AYZDhuRt6LJa5PvX4DNoJGtpybGfM6UQaPh2185k8/nx8fHaVa+eNF4uT9XdBHaDf6gmZ9BsxroiVBpSgxmIxTYvwCh13HPPv8zZTOnIZ/Pn6dD6GYwHLUlZGq2vn6o2Gwr8qAyZRiaNd2fo82yI5eLMk0H/eSafDWzIMm7jD47w4sfZX1S1ozZfrcVJ32ylNkRuhnMtiL0Sfg5KQcAuFgfm+i+OnH/B/zPXaynJzQnSpp5gobra1oGhlvpb9QMN9evQ0jZGUJ2hDUtOxIM07Rbw/rU/tNffovJ0xP6i6W+4PQ1bLiPKPejrYzok3WfnYOtyJug4wEg6GrV2vqnA20+/BC2XqTR4PC7wBQ/jT2XSqVaExxqxA3Dk7L809h96TSXkJiTH7lkcu3x7hpGmbLlnAZ/wmBitVRaWFjIDg7ajUfMn8Z+++23M5lMe3s770AYKBQK5XJ5aGiIdyBsTE1NTU5ORqPBePKObGZmJh6PpwN1cpa7GaId1yf/+hMd/Rtf3mKxOD8/n8vlvA4gDDteECG+jdMMT3jUxRICNKNdvIgWDwA4Vh9dVbcY/CTW8ESghfiMrBmeYJ5yaKrOi9ErJsJUyQCblvIWyPZ79vKKgU+jwbJHtK1pKZPpCUvnZKRcLg8NidgJTG96elr+MDU1tY1ph7aSsv9pzrRVmHdOelEcGsVicX6+mssZ7xpeUQEAQ8oPYW8/9ySvGDA8AQAAEBiNPZ0cc+fT01C78gp5hVhhrrGWqvGYGspcZHGxqVKtNYI014ag5Z3LtStXeUfBRtO1QqQlVit5NRHST43VUmxhodZymXcgbIh5BmgePsE7BNi81p+0zF4ZeuQRjmGgpwEAACAgeiIDt+zmmD8aDQAAAMHQdtcevgGg0bBh2wlff2CUhm8heZeRD0UQcMd5ZPOUlCNUMghofWxi6MqWe+7kGwkaDQ4RziysTjrbTnx86pXnmSQVYuLXEqtDRSmp2VYnz/2pszDc23bi4+r/vMtIny/zNKdeeR7tBhDU9o623h6+IaDR4BDhQqX8iWHrgUk6Ygp36SRGh4r7tpHXTaupV55X/vNtn3pUKLQbQCjr3Qwty1s/+xjvWNBoAADWcNEFYC+70DUyzDsIkd4IqT7L/Pibf6ZfrrmrMFyuXyjfoqkTN1yfEJU+XzlBfV+xskTJURMPOTxNYOpNDONXx6b5rC+pYdEsl6tLZFgtZhVLn7I+YAe1ZJa+PgDNwfC/v/cV/eY0NaxPn+2hQk6ZwOyANzxClBUIu5gcG2VImmDMwjDLzrJuLbcy/Ew4YAzrBMB/1dWS/CF+9w6+kchEaTToz/5v/eAvJLqztvoUQHOKN1xfctRPbpaypDrpLC4uVitV+vA0zM6MNCERUjYrO6FENInYXVl/anZWS/TBqJcXrhUOPvB58sHDCs2h4kNehv+kT81BnHa/ffLyudm5VCpFn52DIG0dvQC8/OL41yVJinZf2/1Jbm+BVBN0eELuadB8jdX3ZJrlhJUl4k2nZSSamzbLC7zZn+yGZ0l/Q0nOhbCamuFyykogF8TBedxWLVFWI83BYFax5Osrq0PFPfrj0BLlEUXYyta3zyw7ct2y2n3kQgFwVL9FlIs1g56Gpf9g461tyT8sGS6fMup8lhzd/fvJLGyXyBd1ck8yk9wp17RbfMrrDWXuhvVAuS1lvgxr26NDxQeUtUro6re1X5ztRAe7L7h7BDaP9SmQ/TPZxx/iHcs6v4cn8vl8Pp83/JPSYSCp5jSI8H1WTj2GVwt12CJE65JZp7FS/Lue+JJhN49kVXzKXnHHdehysInJvgvloeKmC0eyv1/kleXhiYTqNdI0dWtXQPcIbDqpxuC+W3gHsY5BoyH5h6V8Pj8+Pk619sJF8t+Vr7E8pyEoDIdIvKO/W2KbrF2Wxfe6ZjxNn21t+3yo8CVCMS1336baIxAgpeWi/CF+YhvfSNTYDJPk8/nzdMy6GQi9i/rV9AOchgsth9j1iZBX1ifooCffMjyayM2W0E8+oCm7Zrm81d+++GXLDS0RuhkM97hhCuSRe1vxEPK1e1Pr/lCxZHjxu+Xu31c/c0S5reWup98jNMySpcyO0M3gYPcJPvQJ8MuT35AkSRq+MvHI/bxj2SDK0xOar716eMJwrFS9nLyQMlNnN5Fm4Rmmbzc8s3SYrGxYdn1xaNpS6n/Sr2lY81O6VwPR943bipwmBVubu0yfvNf0F0t9Ad/6wV8sLCzYjYRm17upGfr97jI7B1uRN0HHA4gi19bazfO3sDUijUbD/1wtfxpbP6IZXPIjl+k+2p/GFvlsJfc0jIyO8A6ETS0VrhViLbGurgD8NLZleUurpYWFhcHsIPOU/aEJg/sZwLBanP00dqFQKJfLQ0NDLOLib2pqanJyMhoVZTK/GzMzM/F4PJ2mPTn7SZ4CGUnPDf7rBwYP3Gq5frFYnJ+fz+VyXgcWhh0fJoKcwQ2JE5s4kfiG7eQVEdgaTPSZaPHAptXoXaNpMfhJlOEJkOFURWNz1pLZiH5AOR6t81qYKhmCLnbU854Du/g0Gix7+aqVtyOZTHN7uz/xeKqRKKyVy83B75ycnp6WJKlSnGoeFmgqrxtrkZnmeLxZyM5JQ/IuMBQpFqtN883Dtk8xhDS9Rsia4xmAY4UAyNZfz9Bzdeujn+UdixaGJwAAAITTmJC4/xC2Hp+ehqXXZ8krVOeuF2eleiIMEyFLi4uVanVpLsI7EDZql99dWrLYfUFRLrzTiMWWuiq8A2FgtVSqLlxfuh6Gr4yEMwCd5P4s8zSBu/d+CHsx+/F7ecdiAD0NAAAAgsksZQ/cxjsIA2g0AAAACEF5C2TLKbqXLPsOjYYNe88e5x2Clm8heZeRD0UQZMcJEoafNmGR/YdK3lTkt0BGU7/d89mP8Y7FGBoNDhG+yay+5HvPHn/zwqtMkgox1BINLy48Ss2bJU7O1NNr4d6zx9X/eZeRPl/mab554VW0GzabusAPqKHR4BDhQqX8iWHrgUk6Ygp36QTBvF3lvq3mdVPvzQuvKv/5dox5VCi0GzaJ9SmQgzPpM3fwjsUUGg0AEHK46EKQtDe2nBK30SDQGyHV3+rvP3tBv1zTijdcrl8o3xKpEzdcnxCVPl85QX3frLJEyVETDzk8TWDqTQzjV8em+awvqWHRLJerS2RYLWYVS5+yPmAHtUSIRITjxzIGcrL0e9bycDVMhHAgGWZkq5vBrALN9p28wgc/d/anL/zQLFPKI5wQkiYYszDMsrNVz68897JhEfSfCd8mTeIQYrFD/H/ch0CURoPm+7D37HH5lEFzOlN/5WjOfYbrS476yc1SllRf8sXFxUq1Sh+ehtmZiCYkQspmZSeUiCYRuyvrT4XOaolmF+s/XysUWmIxr48fVsnS1wYBk0TcZErzT/rUHBTBn2rXbPXDr37HcWCwSayPTQxf3vKRT/OOhUTQ4Qm5p0HztVHfvmuWE1aWTG5HKL+Tmpskywu82Z/shmdJfwNHzoWwmprhcspKIBeEppisaol8SPh5/Gg2d5ws5Z4l7ynLRAwPKvfovxeWKOuBsBWTardVz6889/Lpp87okyVHjhbD5tQYjneNDPOOgoRBT8N6+4jOba8/abj8TaPOZ8nR3b+fzMJ2iXxR1/+V7U0JfZ3bLT7l+Z0yd32/jj4SwY8fW+ExKQuhqeHpQcUQZT2oV3NzVDirdgf17NHJBAJh/TLaea3/4ZOcQ7Hi9/BEPp/P5/OGf1Ju+CTVnAYRvj/KV93wNKoOW4RoXTLrpFWK/8AXHjO8TZesik/ZC+24Dg0jEXmP2O2Wp+/YsDxcA81BB48aq2qnr2dlgJIy5tCcTMC27vLgwf28g7DAoNFw2+tP5vP58XG611ddtPi78rXRTIMSnGEXt3f0dydsk7XLsvi+1YzPO8IxASP06KASigjVblnPQTmGgbmmgwOxVtF/b4XNnIZ8Pn+ejlk3A80AraRqg2sGFA0XWg6x6xMhr6xP0EFPvmV4NJGbLaGffEBTds1yeavvPfOS5YaWCN0MhnvcMAXL+0Vxjh/LZDU9OpbLyTkSbn/NEnHTJ2F48aO85tk9FG3VgyWX1U5fz8qcBkI9h7WhBpbWxyaaV7Z/9jzvWKyJ8vSE5mumHp4wHJtULycvpMzU2d2VWXiG6dsNzywdJisbll1fHJq2lPqf9Gsa1vybulfx2OqT128lwvFDGZhZhZhl4bhPiFUi6m31xXfW5lA+f//ZC0fOnyav46AIvlW7ZiuapyfIGaHjIfx2v5voaOcdhLVIo9HwP1fLn8aenZtNpXpaQ/HDuPKIZl86Tbm+yGcHuadhdGSEdyBsakl+5LKrq4tJSIbcx0mZwmqptLBwPTvo028le3eUyilzPwMwLKDdMwB9PFx+GntqampycjIaFfTJO1tmZmbi8Xja3a5xSe5miPTN9vzRybHTJx2nUywW5+fnc7kcs8hMhGHHh4ngLQZBYhMnEi/YGiXhxVnPnMhErnbR4gH24nU3LQY/iTI8ATKcGmiEu5YcD2P5zGxEP6CErfYwVTKYiRzM8A6BFp9Gg2WvWuztUnsm094egAEeS+VCS6RcTg5x6Ehka3p6WpKk5uRSclvgyyL73UwjHo8nveyclCvNh62ixeLyvJTM+bprnJWOJk0uZwAviiO5PgN4FBWIQPmFqtwTn+IdCy0MTwAAAPCTbRL8LZBqfHoaZl9fIq9wfa4qzRYTibo/8XhqcbFUrVYicxZFDop3L9dml0JSlncK5VisUelyWJzs/iTbeABg81jvZuif7RH4h7D10NMAAADASVt9/O47eQdhAxoNAAAAfET38nzg0wGxGg3Hz+6V/+MdSDCgonyASgYA5tbHJnrnxs49wDsWewRqNBw/u/fVC2/K/5393Ad5h8PSmadOW69kk1xdkvlVjXy18/RaqDT+fG4CepHXqxfeRLsBALzQGG6kJsZ4R2GPQI0GtQvPfp9+ZfHP6d/5KuMf31JaDI653JwmfeU/33aQR4VCuwEAGFrvZkj+tvPeA7xjsU3QRgOECS66AABaTfXxe07xDsI2Ud4IKV9U5P/LwxM/fOGn8v20slC6sVNBvURZrrnXVKdg+FdNavrl6j+ZpaPJTrPk5edeOfPUaUIi6q3MPpNzIdDUgKSqN31IygqGBaGvB8uQNMGYhWGWnVl45CAt69ksMMmkTgAA7KpVa+ufjnSI/0PYeqI0GsxOyoSLqDIHgnw2p7wkq68chlcymsu5JSaJuMmU5p/k1B77wgNuiuBPtTvYilwtAABMvHXkeUmSosnr2z73JO9YnBB9eIJw4qY8p6tXI/Q6yChv7s362zXLydchfSL6XgEmKFtUNI6f3fvSM99Tp0wTrToXJtXuQz2jxQAA3qmPrrb19vCOwgkGPQ3P7X+DfuUnX7/NcUaaoQr3bF2emVzLCU0NwnCAUB77AtUDQoSufh+qnb6e73vyhLyE+dEFAKCh/NhE8v79vGNxyO/hiXw+n8/nHW+uHnt2eXK32y1P37GhH1+3m4jIXnrmeyMjo5arUU77cFztXtQzw6MLAMBMJCrd9JH7eUfhEINGw5Ov35bP58fHx6nWvug+Q4OpfHYJeB+vhBTiZw1EqHbLenZ/dAEAkNzSxTsC59j0NLjpPKDn/jxOGDuXPxBm4NNPlCPc/polor+A0ZfUzeiGWXk1nNWDJZfVzqSeX37uFfcFAQCwtD42kb0y/Mg53rE4J8rTEzQ0Z3zNxUOzUGG5iT4Fy8+GGbkpgoNEyHP97LY5NJ8J9fPSM99zXATfqt3BVuRN0KQAADbS0f7dO3gH4Vyk0Wj4n6vlT2PPzs32pFKJRKvLjLzrnKC3uLhYrVbS6T43iWh4dw2zTPny5Us0cxq8DoOJQuFaLNbS1WXdVWgYj1A/jV0sFufn53O5HO9A2Hj77bczmUx7ezvvQBgoFArlcnloaIh3IGxMTU1NTk5Go6I/eUdjZmYmHo+n0378ZNR6N0N6tu38LTvOnWGevm9ngDDseLYIz/KJI3zzHkSudtHiAYCgiq+NBfAtkGpBGp7wB3mwQxxmI/oBJWy1h6mSAYCznZ2t3Z28g3DFuNEwMTExPT3tXa6W/bqlt2OZTLv7zklnpWBb9pZCuVyOZIfYd2V7sY8s01xKNme3edIt7+khZ6gx87t4PJ5Ok4rjf1QAEDLrYxMty1t/P8BTIGUGwxMTExP+xwEAABBmQwtdI8O8g3BL29Mg9zF43W74zdXXyStcfXeuHJltDeCPeegtLi5WKtVq0xzvQNiYX7wcv2oxjzUorl0vtLTElmsBfmZasbpaWnh3IXr1Onm1sYGgvocOIKDWuxlSc4n7dvOOhYEbehq8HpUAAADYhKKR6K7zZ3lHwcBGT4NZi2FxcVH9z+Xl5c5Ot/M4VlZWyCusra2Vy6VGo+4yIxFUKpVarWZZ5KBYW1sLTVlqtaokNcJRnEqlQrNrlpaC0Uskf2Xq9TCcAUqlUrVaDUrNW6rVaktLS+F45LJSqTQaDX92Te3mZk8zKpVK8q7xLgvZxnsa9EMSchviV7/6lXrhxYsX3Q9ezC/+H/IKlUqlqampqanJZUYiWFur1euNWCzmc74fO/eFr33zGct15A+WayrK5VI8bjpsZJkpTVS+qVar0WikqSkMzxCtra2tra21tLRIxErOdO30Ny6HSqVSc3Nzc3MYdk21Wq3X6/F4nHcgbKysrCQSiXA0GsrlcjQa9fTkvPz4K5IkSf0z0lNHO7aOeZdRrVar1WqJhOdj+hvfSXU3g7rXYceOG95dpfmnM/pB8VPHbui3efFbz6ZSKe/mNJw6dvZHP7lAv9wNeU5DX58f7w/RGB0dIfxVXVj6gl+6dJmcLOGvSi7O6p/53rl2rdDSEpNf7qQ5ApkfBmZYFWp1tbSwsJDNDkqS9KOfXDBLdmxgm/u8fICXOwkLL3ey5Q3pFUmSpJ7Gbfd+wLtcJB9f7iRQQ159jjt17OzLf/uCp9l50T7wmncx+1AV7oP3OkjNEejP4eHdDg3iEQ4QJutTICUpcSoYPXw0BG0tvvitZ++767ynWchnVU+zgODC4QEAbIxcmXg4qD+ErWfc0yDaMxTq07fmdlC9mrqzXb+yHvluzDBTeX1N+obZKQu//f3nzNLXXJkMN9cUilw0s+scOTWlHuyGRM5Usw79Xa9ZGJrxFPUmhrvScH1nN9/uj0Cz8MhBmg0hqQd6lARf/NazmmDQ2QDAi9LNIE12JDrCMNAmE2h4wozmxGc2Lq6cPZ0N1VNmqv8sGZ3iNev81Xe/6rhoymfLa4CtCjFLzTKkS5cuE2qY1d05of4dZOrykPDnCHSwlXq11dXSfXedRxMBQCzp2eyj7H+eiiNBhyeeePhzypwGWzPmNMstO5nNViCcfDV/srzufvv7zz36oadokjLcnLKfnGGF0CfCZY6F3Uzd1yeTI1CTL7kZpA9S3/uip+lpAAD+0o3BfbfwDoIlBj0NX37BxjvmvnTe9F2QhI5WW/evdm92CffcttJhtS1zTIIRqkR2UQZvNgZBn4KDlclbkYdd1C0SBzkCgEeUsYn48bD9LIPfwxP5fD6fzxv+SX3im53deOmy3b5oBydQ/anZZa+7elv5kUu7ITHE5IqiJGL5yKWAKGuAMLuFyRGomTviLEjDreSQ0NMAIJaeudxHnuYdBGMMGg1fOv96Pp8fHx+nWfmidNFW4lxmcmH6GChEOBj0XQsaP/rJBcxpABCE0s3Q2Bpt6+3hGwxzbOY05PP583TMuhkoqaeXa0aIDZdL1J0EhAFjZ+Md6iVmcxpoNqe8aDGvEELiSiJmmTpIUHJdUn1qZnkxGXhyVuGEbgazrQh9EoEeMwIIufjiyD//MO8g2BP96QnNyVT9T5rPkp1eX7M5a5RT5whhmz09QbO52fw48oWHSYWYJa5OhJCRfnPyXD8He0qi22tuasC3I9DBVppN9DOB0PEAwM3AUubm8LzTSbHx2xN+svxp7NnZObuvkRb2FMnxNdJecDynwbsd5Dhl9WukOYbBhPo10oR4gvLT2HiNtLDwGmmyjSmQn0js/sw/Y5gymW+vkQ7wjnfQhw8cOeiwEZzIR6Bo8QBsKtGeeT9bDH4SfXiCgNxXDwIyG9EPKGGPwDBVMkCAKN0M9R0BviEn49NosOwjra+8nem37pwU7XXXhgrNhXK5PDQQks7J8mLSzS8lerHLHKcZW3PbOSnOEVgsFuON+bGBnCRSVACbUXam78xp3kF4JbStIQAAAA7aG6Mnb+cdhFfQaAAAAHBLGZuIHd3CNxJPodEAAADAyNDlLR/6AO8gPIRGAwAAgCsbP4S9JdE1Msw1Fm8F+OkJAAAAcUSShf6zoZ0CKUNPAwAAAAONntLAwX28o/AWGg0AAADOKWMT0YODzbGQ99+j0QAAAOBay/LuP/gY7yA8h0YDAACAQxtTIHcvx+z8XlJAodEAAADgSiQ9mz57kncUfkCjAQAAwJ22+pZTd/AOwg9oNAAAADixMQXy8CB5zdBAowEAAMC5yNBM7okzvKPwCRoNAAAAtindDI1sU+fgAN9gfINGAwAAgFP9s70PbYrZDDI0GgAAAJzqWBs7fZJ3EP5BowEAAMAeZWyiad9mmQIpQ6MBAADAkd6rY2fv4x2Er9BoAAAAsGFjCuRwvXt8lG8wPkOjAQAAwL6OQteDh3kH4Tc0GgAAAOyL1cbvuYt3EH5DowEAAICWMjYRuSMV+h/C1kOjAQAAwJ5o8p0dT5/nHQUHaDQAAABQUboZ6mPl1u5OvsFwgUYDAACAHYMznfcf4B0EH2g0AAAA2BBpbkw+dC/vKPhAowEAAMCaMjYh7e3lGohWo974xolfX3uj4kNem27mJwAAgHPZKyMPf5R3EBue2/+G/OGtf1vcd+9arK3J0+zQaAAAALCw8RbIvmjfzpv4BqNQWgzDxzviw7VoLOJ1jmg0AAAA0EnPJe/ZxzsISVI1FyRJ2vZg700Pd622LDTFPJ9ygEYDAAAAnba1LXef4htCabH29VNvyZ/bM83H/2Rs9PauYrG4Ou9H7mg0AAAAkGxMgdzZleho5xiJuoPh5icyt31q0OtJDBpoNAAAAFCIFSefepxX5iuF6n+9+xfy5y0nuvZ9YrBvJ4fmCxoNAAAApja6GYavdw4O+B9ArVx//tjfyZ87R1r2nMvseKgv2uz5nEdDaDQAAABYSc21PbTX5zwb9cZfHvy58s+xk11H/+VIRybucxhqaDQAAABYiEQjO8592OdMlRbD+Knu8Tu7x06mmuOcX8mIRgMAAICxjdcz7Gv1M1/1hMfd5/r3PNafHOTZwaBAowEAAIAoMzvy+Fl/slq9Xn3x/esTHrtz8eN/smXw1qQ/WdNAowEAAPjRXeQAAArwSURBVMDAxhTI3kb/7h0+5Kh0MGT2to8c7tzzWMbnJyotodEAAABgbmCm9dRurzNRj0eM39W97xODvZNtXmfqABoNAAAApiKxxuQj93uXfnVl7Wt3vCl/bks3H/qD4ckPivUrmmpoNAAAAGhtTIHcloy1JjzKRd3BsPXe1O1/PNrSJvR1WejgAAAAeErPDp37iBcJ12uN/3J4/YnK3OnUTff3DB3o9OEXp1xCowEAAOAGG1Mg+xsDt7Cf0KB0MAzu7xi8tWPXI/2tqRjzXLyARgMAAICR3rnEye1sk1T/hET/ze1H/8WImBMezaDRAAAAYKQh5R66l2F6SgdD9mByyx1d2x9Mx1rFeqLSEhoNAAAAGzamQE5GW7s7maSpnvA4eV/P3vMDqXFfXzHJiuhzLgAAADhILI49fc59MqXFmtJiaM/ETv+73Pvy48xbDM/8txOV2jLbNA2hpwEAAGDdxhTI7FJ6+1aXqSnNha7RlqFDXUf+aJjt8xFffmG/8vnln//x9pv+B8PEDaHRAAAAcKOBmcT7t7lJoLxUe+F9b8mfc3el9jze37+rPRKNsAjuhrbCcHp3oqWzuPruwvIsk8TJ0GgAAAC4QaTWtOuTjzvbtlFvKD9p3b+nfeJ0avuH0kx+QkLdVhjs3dGeSFVqq23xrsGe7Znu3ZFKl/ssLKHRAAAAIEnqKZA7Hb41QRmP6N/dFu9sPvbF0c5htz9prW4rjPbvjTW3SY16S0v7SN+eXPZgX1cuGm0uFovz8/MuM6KBRgMAAIBK9krmw/c52E5pMWw50TX+vlTudKo57nwGg7qtMJE9EpGitbVSe2vPlsy+iezhns4Rxym7gUYDAACAagpkUho+dtDWtkpzYfR4ZzIbv/nxTDLrpINB3VCQJGnr0NFKtbRUvNoa75zIHp7IHk629TlIliE0GgAAAN4zcKXlWI5+9dXr1Rffv/6Gx1QusfvRzPAh2692ULcVtmRuizXFi6XrhcVLbfHufZMntg4djTWL8lIHNBoAAADe09zYcuZuynWVDobuXGLLHV37P5219USlZrJCS6xtpfRuvV7t7bnp0I5Hc9mD0ahw12jhAgIAAPDZxtjEWGvn4IDl+sVrlW/c8/eSJA0d6oh3Nu/7RLZnK21nwA0PTPbdnGhJliq/a0t0D/Zsz2UPDfTc1Nzkdu6kd9BoAAAAkCRJinS8M3DOopuhVq4/f+zv5M89k4mJ9/fedG9vtNn6BQzqtkI2vast3tVo1BMtyeG+PRPZw72dowL2K+gFIEQAAADvbDxp2bvSv+9ms9XUL2BITSRSucSxL45a/qS1uq2Qyx6KSE0Rqd6WSI32781lD6WSw67D9xUaDQAAAJLUM9d8ZLg5ZnpZVFoM43d2b72nZ/T2LrMZDI1G/V99feP5i8nssVq9Uiy/m2xN5wYPjQ8e4P4QhGNoNAAAAEhSsW3nU+cN/6J6orKrZ2vrrkf62vta9KtVqiv/5qU7lH/mBg8XV68vl97paEvfNHx7LnuoJdbmReB+QqMBAAA2r40pkHtWY60JzV+X5ysv3fv3kiQN3NperzVu/fhAZk+HZh1NW2Fr9ujSaqHRqPd2jh7b/UQue8jD6H2HRgMAAGx6fbP9j31As0zpYEjvaBu9vWvPYxllPKLRqNfWyn/+jePKyluzR4vl6x2J9HDf7ons4YGebU1NDt9FLTI0GgAAYJP6p7u/vf6prT5yxxFludJcGDqSbOuJ7f29gdT4+hOVy6uFf//XG09YTGSPrq2VO1p7h/v2TAwd6UkOB+IhCMfCXDYAAABr2SvNx9afYlD/pHXXlviOB/tyd6Uk3QueJ7JHopGm9vWHIA52dQz6HDIvNzQaJiYmlM/T09O+BwMAAOC3SCQy8dEz6icqk8Ox7P7OY18c/rNvHpZeWF9t69DRen2tWltNd43nsgfHBm7raE1zC5qTjUbDxMSEuqGg+ScAAECYXH3wv8sfGsPNbT1pucUwcrSzKVn56U3n/68k/fibkiRJE9kj5WqxuPJOd0d269DR8YH9IXgIwjEMTwAAwCbWP/vG/7r/jcM/r7eszH/683PvLc5lD7+7NLdWr/R1jW8fPbllYB/PIIWBRgMAAGw68pOWZanlFwun55/+tLI8lz28VPxtsq1vtO/mO2/9TLZ3RyRi4zeoQk/QRsOLrz7COwQw9zPeAYCZV3kHAJtBOM4AT9/wr0z0tuZUuTuZHem/eWv2aCqZDfdDEI5ZV8prr72m/uevf/3rnTt3ehYPAACAX4rt7eUt3dme3t5cf8euRKxbWpF+84/XfiNd4x2ZPSsrK1evXl1YWPA6I+tGw4EDBwj/9Mj//O6uRLmjOWLwns7Aud5xpdG01rc4xjsQNmbG3sj8k+kPugRLoX+6dSHdVQnD/Oel6MJy/1xmbgfvQNi4OvwP3bPjiUY770AYwBlAWAs9v+lY6/29zz0TgocglpaWLl26tGvXLq8zErT75f2PfnF0dDSZTPIOhIH5+fmVlZXx8XHegbDx2muvHfiMHw1HH1y8eLGtrS2TyfAOhAHfThn++OUvf4kzgJhee+21fU/ua2pq4h0IA/IZIAQtBj9tNBqmp6fxngYAAAAwc0NPAxoKAAAAYAZPkgAAAACVSKPR4B0DAAAABIAnEyFdvoLacGqFy4UOAtC8VNtlajRBelQcdSTuU9AHw6UsNILyKnRWcXLfO2yPVX1S/h9p9OkQdiL3shie0BxXC9/iqDd3loJZaoE+OdsKz+wCp1/TWIO1XC6n/N/x5uTU7C50EIM+HcdJ6f/pc3E82pxvWWgSMfxrToXVQjdcfl806ZCT9XTvMNy/3MtCCINyZXIiIpzQHKRjFg8OM5eRuNzcVnj6v9otiB+PXMptKKUtIzdklIWado0gt4bq2DTxGxZE+ZOYxdEw/HEyw92kJmZZbCEU3PFCf4KUrO6xRNs7hNudQBxpht9lw32hlMWwP1KEskg3Bq9mtneUv4pZHAVhp8gfCPfQopVFYXatVC9Us1UQ96X26T0NhgdiUHqPNQjfqKAjny9ERnk5D1CJNPQF5BgMPUIDKKBHmmTVngiQMP2yMU0rPyjI10ruhWL89IRSnmmKtz5Ylpx77dBQ32c4HvUUBH144pclEMy+L6yS9ZNcBIXlypTJhulI41sWymMsTCc0eoKXRajvi6BvhDTs6KPB8OSrJKUJw0H6IhSHldCURfDThDN89w7NqAq90BxpkjBlYXXzLUhxNJylLGBZfC6IXewbDe7r0eVh7WkvrqabyO4mDgjVKR2Osgh1mhCng8GjveMsJDHL4kyYyiIJXBwHUQlYFgeXGMl1QWxh2WjQx+2gJAwL7z4pys0J7XehimOWrP8BcLzLF+c0QfN9MczCbCHfvUOzFWXK3MsiGX2pvasWP5OiafgG6ITmJk7RyhKU3P2bCKl8ptmX6n9OT08bzpAwmzahLPSiHh3cawpYnOkb5+Laajdo0uFeFssgNX8S/zRhuHdodhnfveMsL7PsRDjSzBInR6LPUYSyGDLLkYx7cRzsFLMcuZdFz8ElRqIuiHpN5XC1exj48UZIvq0wfwSijIEI0hbDrjzlPonmxn1aN+5OvrD50+6xFOhdGejgAbwQoC+FoBMhgyVA+zvE1LtAuT8grGO5nH6hPxzcFAIAsIXfntgUHE/9ExyaawAQaIE7OaPRAIEUuG8aAEAIoNEAAAAAVBi/ERIAAADCCo0GAAAAoPL/Acu7XgVzhNpyAAAAAElFTkSuQmCC"
                                height="200"
                width="700"
                margin="0 auto"/>
    
    
        <p style="width: 100%; text-align:center;">
      <a style="color:#0d0d0d;font-family:-apple-system, BlinkMacSystemFont, &#039;Segoe UI&#039;, Roboto, Oxygen-Sans, Cantarell, &#039;Helvetica Neue&#039;, sans-serif;; text-decoration:none; font-size: 9pt;" href="#reportTop">
          Back to top &#8593;
    </a></p>

    <hr style=" border: 0; margin-top: 50px;  height: 1px; background-image: linear-gradient(to right, rgba(231, 231, 231, 0), rgba(231, 231, 231, 1), rgba(2311, 2311, 231, 0));">

    <p style='font-size:15px;line-height:24px;margin:0 0 16px;color:&#x23;212121;font-family:-apple-system,&#x20;BlinkMacSystemFont,&#x20;&#x27;Segoe&#x20;UI&#x27;,&#x20;Roboto,&#x20;Oxygen-Sans,&#x20;Cantarell,&#x20;&#x27;Helvetica&#x20;Neue&#x27;,&#x20;sans-serif;text-align:center;font-size:13px; color:#666;padding-top:30px;margin-bottom:0;'>
        Powered by
        <a style="color:#439fe0;" rel="noreferrer" href="https://matomo.org/" title="Matomo Analytics">Matomo Analytics</a>
        <br />
        The leading open analytics platform that respects your privacy.
    </p>

        <p style='font-size:15px;line-height:24px;margin:0 0 16px;color:&#x23;212121;font-family:-apple-system,&#x20;BlinkMacSystemFont,&#x20;&#x27;Segoe&#x20;UI&#x27;,&#x20;Roboto,&#x20;Oxygen-Sans,&#x20;Cantarell,&#x20;&#x27;Helvetica&#x20;Neue&#x27;,&#x20;sans-serif;text-align:center;font-size:13px; color:#666;'>To unsubscribe from this report please follow this link: <a style="color:#439fe0;" href="__unsubscribeLink__">Unsubscribe</a>.</p>

</div>
</body>
</html>
