<?xml version="1.0" encoding="utf-8" ?>
<result>
	<row>
		<label>builds.piwik.org</label>
		<nb_visits>1</nb_visits>
		<nb_hits>1</nb_hits>
		<sum_time_spent>0</sum_time_spent>
		<exit_nb_visits>1</exit_nb_visits>
		<subtable>
			<row>
				<label>/latest.zip</label>
				<nb_visits>1</nb_visits>
				<nb_hits>1</nb_hits>
				<sum_time_spent>0</sum_time_spent>
				<exit_nb_visits>1</exit_nb_visits>
				<sum_daily_nb_uniq_visitors>1</sum_daily_nb_uniq_visitors>
				<sum_daily_exit_nb_uniq_visitors>1</sum_daily_exit_nb_uniq_visitors>
				<url>http://builds.piwik.org/latest.zip</url>
			</row>
		</subtable>
	</row>
</result>